
Allocating common symbols
Common symbol       size              file

nbsvc               0x4               build/blink.c.o

Memory Configuration

Name             Origin             Length             Attributes
RAM              0x0000000000008000 0x0000000000080000 xrw
*default*        0x0000000000000000 0xffffffffffffffff

Linker script and memory map

LOAD build/os/tpl_os_kernel.c.o
LOAD build/os/tpl_os_timeobj_kernel.c.o
LOAD build/os/tpl_os_action.c.o
LOAD build/os/tpl_os_error.c.o
LOAD build/os/tpl_os_os_kernel.c.o
LOAD build/os/tpl_os_os.c.o
LOAD build/os/tpl_os_interrupt_kernel.c.o
LOAD build/os/tpl_os_task_kernel.c.o
LOAD build/os/tpl_os_resource_kernel.c.o
LOAD build/os/tpl_os_alarm_kernel.c.o
LOAD build/blink.c.o
LOAD build/blink/tpl_app_config.c.o
LOAD build/blink/tpl_dispatch_table.c.o
LOAD build/blink/tpl_invoque.S.o
LOAD build/machines/cortex-a/tpl_irq.S.o
LOAD build/machines/cortex-a/tpl_system_call.S.o
LOAD build/machines/cortex-a/tpl_stacks.S.o
LOAD build/machines/cortex-a/tpl_trusted_fct.S.o
LOAD build/machines/cortex-a/tpl_vector_table.s.o
LOAD build/machines/cortex-a/tpl_machine_arm.c.o
LOAD build/machines/cortex-a/armv7/bcm2836/bcm2836_misc.c.o
LOAD build/machines/cortex-a/armv7/bcm2836/handlers_bcm2836.c.o
LOAD build/machines/cortex-a/armv7/bcm2836/rpi2/rpi2_tpl_sleep.S.o
LOAD build/machines/cortex-a/armv7/bcm2836/rpi2/rpi2_bootstrap_stage1.S.o
LOAD build/machines/cortex-a/armv7/bcm2836/rpi2/rpi2_bootstrap_stage2.c.o
LOAD build/machines/cortex-a/armv7/bcm2836/rpi2/rpi2_tpl_stubs.c.o
LOAD build/machines/cortex-a/armv7/bcm2836/rpi2/rpi2_irq.c.o
LOAD build/machines/cortex-a/armv7/bcm2836/rpi2/rpi2_exception_catch.S.o
LOAD build/machines/cortex-a/armv7/bcm2836/rpi2/rpi2_trace.c.o
LOAD build/machines/cortex-a/armv7/bcm2836/rpi2/drivers/rpi2_uart.c.o

.startup_code   0x0000000000008000      0x3b4
 *(.startup_code)
 .startup_code  0x0000000000008000      0x3b4 build/machines/cortex-a/armv7/bcm2836/rpi2/rpi2_bootstrap_stage1.S.o
                0x0000000000008000                _start
                0x0000000000008138                ARMv7InvalidateCache
                0x0000000000008174                ARMv7InvalidateTLB
                0x0000000000008260                reset_handler
                0x0000000000008264                undefined_handler
                0x0000000000008274                prefetch_handler
                0x0000000000008284                data_handler
                0x0000000000008294                reserved_handler
                0x00000000000082a4                fiq_handler
                0x00000000000082b4                smc_handler
                0x00000000000082c4                dummy
                0x00000000000082c8                enable_irq
                0x00000000000082d8                svc_handler
                0x00000000000082e8                GETR0
                0x00000000000082f0                GETR1
                0x00000000000082f8                GETR2
                0x0000000000008300                GETR3
                0x0000000000008308                GETR4
                0x0000000000008310                GETR5
                0x0000000000008318                GETR6
                0x0000000000008320                GETR7
                0x0000000000008328                GETR8
                0x0000000000008330                GETR9
                0x0000000000008338                GETR10
                0x0000000000008340                GETR11
                0x0000000000008348                GETR12
                0x0000000000008350                GETSP
                0x0000000000008358                GETLR
                0x0000000000008360                GETPC
                0x0000000000008368                GETSP_usr
                0x0000000000008370                GETSP_irq
                0x0000000000008378                GETSPIRQ
                0x0000000000008380                GETSPSVC
                0x0000000000008388                GETCPSR
                0x0000000000008390                GETISR
                0x0000000000008398                GETVBAR

.text           0x00000000000083b4      0xe40
 *(.text*)
 .text          0x00000000000083b4        0x0 build/os/tpl_os_kernel.c.o
 .text          0x00000000000083b4        0x0 build/os/tpl_os_timeobj_kernel.c.o
 .text          0x00000000000083b4        0x0 build/os/tpl_os_action.c.o
 .text          0x00000000000083b4        0x0 build/os/tpl_os_error.c.o
 .text          0x00000000000083b4        0x0 build/os/tpl_os_os_kernel.c.o
 .text          0x00000000000083b4        0x0 build/os/tpl_os_os.c.o
 .text          0x00000000000083b4        0x0 build/os/tpl_os_interrupt_kernel.c.o
 .text          0x00000000000083b4        0x0 build/os/tpl_os_task_kernel.c.o
 .text          0x00000000000083b4        0x0 build/os/tpl_os_resource_kernel.c.o
 .text          0x00000000000083b4        0x0 build/os/tpl_os_alarm_kernel.c.o
 .text          0x00000000000083b4      0x478 build/blink.c.o
                0x00000000000083b4                c_undefined_handler
                0x0000000000008464                c_prefetch_handler
                0x0000000000008514                c_data_handler
                0x00000000000085c4                c_reserved_handler
                0x0000000000008674                c_fiq_handler
                0x0000000000008724                c_irq_handler
                0x0000000000008758                c_svc_handler
                0x000000000000877c                c_hang_handler
 .text          0x000000000000882c        0x0 build/blink/tpl_app_config.c.o
 .text          0x000000000000882c        0x0 build/blink/tpl_dispatch_table.c.o
 .text          0x000000000000882c        0x0 build/blink/tpl_invoque.S.o
 .text          0x000000000000882c        0x0 build/machines/cortex-a/tpl_irq.S.o
 .text          0x000000000000882c        0x0 build/machines/cortex-a/tpl_system_call.S.o
 .text          0x000000000000882c        0x0 build/machines/cortex-a/tpl_stacks.S.o
 .text          0x000000000000882c        0x0 build/machines/cortex-a/tpl_trusted_fct.S.o
 .text          0x000000000000882c        0x0 build/machines/cortex-a/tpl_vector_table.s.o
 .text          0x000000000000882c       0x10 build/machines/cortex-a/tpl_machine_arm.c.o
                0x000000000000882c                idle_function
 .text          0x000000000000883c       0x4c build/machines/cortex-a/armv7/bcm2836/bcm2836_misc.c.o
                0x000000000000883c                bcm2836_delay
 .text          0x0000000000008888       0x24 build/machines/cortex-a/armv7/bcm2836/handlers_bcm2836.c.o
                0x0000000000008888                ARM_TIMER_ClearFlag
 .text          0x00000000000088ac        0x0 build/machines/cortex-a/armv7/bcm2836/rpi2/rpi2_tpl_sleep.S.o
 .text          0x00000000000088ac        0x0 build/machines/cortex-a/armv7/bcm2836/rpi2/rpi2_bootstrap_stage1.S.o
 .text          0x00000000000088ac       0x10 build/machines/cortex-a/armv7/bcm2836/rpi2/rpi2_bootstrap_stage2.c.o
                0x00000000000088ac                tpl_armv7_bootstrap_stage2
 .text          0x00000000000088bc        0x0 build/machines/cortex-a/armv7/bcm2836/rpi2/rpi2_tpl_stubs.c.o
 .text          0x00000000000088bc      0x104 build/machines/cortex-a/armv7/bcm2836/rpi2/rpi2_irq.c.o
                0x00000000000088bc                tpl_arm_subarch_irq_handler
 .text          0x00000000000089c0        0x0 build/machines/cortex-a/armv7/bcm2836/rpi2/rpi2_exception_catch.S.o
 .text          0x00000000000089c0      0x42c build/machines/cortex-a/armv7/bcm2836/rpi2/rpi2_trace.c.o
                0x00000000000089c0                trace_1
                0x00000000000089d4                trace_2
                0x00000000000089e8                trace_3
                0x00000000000089fc                trace_4
                0x0000000000008a18                trace_5
                0x0000000000008a2c                trace_6
                0x0000000000008a40                trace_7
                0x0000000000008a54                trace_7_1
                0x0000000000008a68                trace_8
                0x0000000000008a7c                trace_8_1
                0x0000000000008a98                trace_9
                0x0000000000008aac                trace_10
                0x0000000000008ac0                trace_regs
                0x0000000000008cf8                trace_context
                0x0000000000008d28                trace_idle
                0x0000000000008d40                trace_in
                0x0000000000008d58                trace_out
                0x0000000000008d70                trace_it
                0x0000000000008db4                trace_a_reg
 .text          0x0000000000008dec      0x408 build/machines/cortex-a/armv7/bcm2836/rpi2/drivers/rpi2_uart.c.o
                0x0000000000008dec                nothing
                0x0000000000008e08                uart_init
                0x0000000000008f84                mystrlen
                0x0000000000008fd8                uart_write_char
                0x0000000000009028                uart_write_chars
                0x0000000000009088                uart_write_string
                0x00000000000090c8                uart_write_strings
                0x00000000000090f8                uart_disable
                0x000000000000911c                hexstrings
                0x00000000000091b0                hexstring
                0x00000000000091e0                test_uart
                0x00000000000091f4                __bss_start = .

.osConst        0x00000000000091f4       0xc4
 .osConst       0x00000000000091f4        0x2 build/os/tpl_os_kernel.c.o
                0x00000000000091f4                INVALID_PROC
                0x00000000000091f5                INVALID_TASK
 .osConst       0x00000000000091f6        0x2 build/os/tpl_os_resource_kernel.c.o
                0x00000000000091f6                RES_SCHEDULER
                0x00000000000091f7                INVALID_RESOURCE
 .osConst       0x00000000000091f8        0x1 build/os/tpl_os_alarm_kernel.c.o
                0x00000000000091f8                INVALID_ALARM
 *fill*         0x00000000000091f9        0x3 
 .osConst       0x00000000000091fc       0x5c build/blink/tpl_app_config.c.o
                0x00000000000091fc                tpl_resource_table
                0x0000000000009200                IDLE_TASK_task_stat_desc
                0x0000000000009218                blink_task_stat_desc
                0x0000000000009230                tpl_stat_proc_table
                0x0000000000009238                tpl_dyn_proc_table
                0x0000000000009240                blink_blink_action
                0x0000000000009248                blink_blink_static
                0x0000000000009254                tpl_alarm_table
 .osConst       0x0000000000009258       0x60 build/blink/tpl_dispatch_table.c.o
                0x0000000000009258                tpl_dispatch_table

.rodata         0x00000000000092b8      0x2d9
 .rodata        0x00000000000092b8       0x8f build/blink.c.o
 *fill*         0x0000000000009347        0x1 
 .rodata        0x0000000000009348      0x11b build/blink/tpl_app_config.c.o
                0x0000000000009348                std
                0x0000000000009349                OSDEFAULTAPPMODE
                0x000000000000934c                tpl_task_app_mode
                0x0000000000009350                tpl_alarm_app_mode
                0x0000000000009354                tpl_it_vector
 *fill*         0x0000000000009463        0x1 
 .rodata        0x0000000000009464        0x7 build/machines/cortex-a/armv7/bcm2836/rpi2/rpi2_tpl_stubs.c.o
 *fill*         0x000000000000946b        0x1 
 .rodata        0x000000000000946c      0x125 build/machines/cortex-a/armv7/bcm2836/rpi2/rpi2_trace.c.o

.osApiConst     0x0000000000009594       0x18
 .osApiConst    0x0000000000009594       0x18 build/blink/tpl_app_config.c.o
                0x0000000000009594                blink
                0x0000000000009595                blink_blink
                0x0000000000009598                OSTICKSPERBASE
                0x000000000000959c                OSMAXALLOWEDVALUE
                0x00000000000095a0                OSMINCYCLE
                0x00000000000095a4                proc_name_table

.data           0x00000000000095ac        0x0
 .data          0x00000000000095ac        0x0 build/os/tpl_os_kernel.c.o
 .data          0x00000000000095ac        0x0 build/os/tpl_os_timeobj_kernel.c.o
 .data          0x00000000000095ac        0x0 build/os/tpl_os_action.c.o
 .data          0x00000000000095ac        0x0 build/os/tpl_os_error.c.o
 .data          0x00000000000095ac        0x0 build/os/tpl_os_os_kernel.c.o
 .data          0x00000000000095ac        0x0 build/os/tpl_os_os.c.o
 .data          0x00000000000095ac        0x0 build/os/tpl_os_interrupt_kernel.c.o
 .data          0x00000000000095ac        0x0 build/os/tpl_os_task_kernel.c.o
 .data          0x00000000000095ac        0x0 build/os/tpl_os_resource_kernel.c.o
 .data          0x00000000000095ac        0x0 build/os/tpl_os_alarm_kernel.c.o
 .data          0x00000000000095ac        0x0 build/blink.c.o
 .data          0x00000000000095ac        0x0 build/blink/tpl_app_config.c.o
 .data          0x00000000000095ac        0x0 build/blink/tpl_dispatch_table.c.o
 .data          0x00000000000095ac        0x0 build/blink/tpl_invoque.S.o
 .data          0x00000000000095ac        0x0 build/machines/cortex-a/tpl_irq.S.o
 .data          0x00000000000095ac        0x0 build/machines/cortex-a/tpl_system_call.S.o
 .data          0x00000000000095ac        0x0 build/machines/cortex-a/tpl_stacks.S.o
 .data          0x00000000000095ac        0x0 build/machines/cortex-a/tpl_trusted_fct.S.o
 .data          0x00000000000095ac        0x0 build/machines/cortex-a/tpl_vector_table.s.o
 .data          0x00000000000095ac        0x0 build/machines/cortex-a/tpl_machine_arm.c.o
 .data          0x00000000000095ac        0x0 build/machines/cortex-a/armv7/bcm2836/bcm2836_misc.c.o
 .data          0x00000000000095ac        0x0 build/machines/cortex-a/armv7/bcm2836/handlers_bcm2836.c.o
 .data          0x00000000000095ac        0x0 build/machines/cortex-a/armv7/bcm2836/rpi2/rpi2_tpl_sleep.S.o
 .data          0x00000000000095ac        0x0 build/machines/cortex-a/armv7/bcm2836/rpi2/rpi2_bootstrap_stage1.S.o
 .data          0x00000000000095ac        0x0 build/machines/cortex-a/armv7/bcm2836/rpi2/rpi2_bootstrap_stage2.c.o
 .data          0x00000000000095ac        0x0 build/machines/cortex-a/armv7/bcm2836/rpi2/rpi2_tpl_stubs.c.o
 .data          0x00000000000095ac        0x0 build/machines/cortex-a/armv7/bcm2836/rpi2/rpi2_irq.c.o
 .data          0x00000000000095ac        0x0 build/machines/cortex-a/armv7/bcm2836/rpi2/rpi2_exception_catch.S.o
 .data          0x00000000000095ac        0x0 build/machines/cortex-a/armv7/bcm2836/rpi2/rpi2_trace.c.o
 .data          0x00000000000095ac        0x0 build/machines/cortex-a/armv7/bcm2836/rpi2/drivers/rpi2_uart.c.o

.osVar          0x00000000000095ac      0x360
 .osVar         0x00000000000095ac        0x3 build/os/tpl_os_kernel.c.o
                0x00000000000095ac                INTERNAL_RES_SCHEDULER
 .osVar         0x00000000000095af        0x1 build/os/tpl_os_timeobj_kernel.c.o
 .osVar         0x00000000000095b0        0x1 build/os/tpl_os_os_kernel.c.o
 *fill*         0x00000000000095b1        0x3 
 .osVar         0x00000000000095b4       0x14 build/os/tpl_os_interrupt_kernel.c.o
                0x00000000000095b4                tpl_locking_depth
                0x00000000000095b8                tpl_user_task_lock
                0x00000000000095bc                tpl_cpt_user_task_lock_All
                0x00000000000095c0                tpl_cpt_user_task_lock_OS
                0x00000000000095c4                tpl_cpt_os_task_lock
 .osVar         0x00000000000095c8        0x8 build/os/tpl_os_resource_kernel.c.o
                0x00000000000095c8                res_sched_rez_desc
 .osVar         0x00000000000095d0      0x220 build/blink/tpl_app_config.c.o
                0x00000000000095d0                SystemCounter_counter_desc
                0x00000000000095ec                IDLE_TASK_stack_zone
                0x0000000000009718                IDLE_TASK_int_context
                0x000000000000975c                IDLE_TASK_task_desc
                0x0000000000009764                blink_int_context
                0x00000000000097a8                blink_task_desc
                0x00000000000097b0                blink_blink_alarm_desc
                0x00000000000097c8                tpl_ready_list
                0x00000000000097d0                tpl_tail_for_prio
                0x00000000000097d4                tpl_kern
 .osVar         0x00000000000097f0      0x110 build/machines/cortex-a/tpl_machine_arm.c.o
                0x00000000000097f0                idle_stack
                0x00000000000098b8                idle_task_context
                0x00000000000098fc                nested_kernel_entrance_counter
 .osVar         0x0000000000009900        0xc build/machines/cortex-a/armv7/bcm2836/rpi2/rpi2_exception_catch.S.o
                0x0000000000009900                faulty_instruction
                0x0000000000009904                saved_psr
                0x0000000000009908                interrupted_stack_pointer

.igot.plt       0x000000000000990c        0x0
 .igot.plt      0x0000000000000000        0x0 build/os/tpl_os_kernel.c.o

.Task_blinkStack
                0x000000000000990c      0x12c
 .Task_blinkStack
                0x000000000000990c      0x12c build/blink/tpl_app_config.c.o
                0x000000000000990c                blink_stack_zone

.glue_7         0x0000000000009a38        0x0
 .glue_7        0x0000000000000000        0x0 linker stubs

.glue_7t        0x0000000000009a38        0x0
 .glue_7t       0x0000000000000000        0x0 linker stubs

.vfp11_veneer   0x0000000000009a38        0x0
 .vfp11_veneer  0x0000000000000000        0x0 linker stubs

.v4_bx          0x0000000000009a38        0x0
 .v4_bx         0x0000000000000000        0x0 linker stubs

.osCode         0x0000000000009a38     0x2dac
 .osCode        0x0000000000009a38      0xea8 build/os/tpl_os_kernel.c.o
                0x0000000000009a38                tpl_compare_entries
                0x0000000000009b1c                tpl_bubble_up
                0x0000000000009c08                tpl_bubble_down
                0x0000000000009d60                tpl_put_new_proc
                0x0000000000009e3c                tpl_put_preempted_proc
                0x0000000000009eec                tpl_front_proc
                0x0000000000009f34                tpl_remove_front_proc
                0x0000000000009ffc                tpl_current_os_state
                0x000000000000a0a0                tpl_get_internal_resource
                0x000000000000a164                tpl_release_internal_resource
                0x000000000000a1e0                tpl_preempt
                0x000000000000a23c                tpl_run_elected
                0x000000000000a350                tpl_start
                0x000000000000a408                tpl_schedule_from_running
                0x000000000000a47c                tpl_terminate
                0x000000000000a4e8                tpl_block
                0x000000000000a538                tpl_start_scheduling
                0x000000000000a558                tpl_activate_task
                0x000000000000a61c                tpl_release
                0x000000000000a674                tpl_set_event
                0x000000000000a6b0                tpl_init_proc
                0x000000000000a6f8                tpl_init_os
                0x000000000000a810                tpl_call_terminate_task_service
                0x000000000000a868                tpl_call_terminate_isr2_service
 .osCode        0x000000000000a8e0      0x5b0 build/os/tpl_os_timeobj_kernel.c.o
                0x000000000000a8e0                tpl_enable_counters
                0x000000000000a904                tpl_insert_time_obj
                0x000000000000aabc                tpl_remove_time_obj
                0x000000000000acec                tpl_counter_tick
 .osCode        0x000000000000ae90       0x60 build/os/tpl_os_action.c.o
                0x000000000000ae90                tpl_action_callback
                0x000000000000aeb4                tpl_action_activate_task
 .osCode        0x000000000000aef0       0xe8 build/os/tpl_os_os_kernel.c.o
                0x000000000000aef0                tpl_get_active_application_mode_service
                0x000000000000af40                tpl_start_os_service
                0x000000000000afb8                tpl_shutdown_os_service
 .osCode        0x000000000000afd8      0x350 build/os/tpl_os_interrupt_kernel.c.o
                0x000000000000afd8                tpl_get_interrupt_lock_status
                0x000000000000b048                tpl_reset_interrupt_lock_status
                0x000000000000b0a4                tpl_suspend_all_interrupts_service
                0x000000000000b0ec                tpl_resume_all_interrupts_service
                0x000000000000b15c                tpl_disable_all_interrupts_service
                0x000000000000b1a4                tpl_enable_all_interrupts_service
                0x000000000000b1d8                tpl_suspend_os_interrupts_service
                0x000000000000b220                tpl_resume_os_interrupts_service
                0x000000000000b290                tpl_terminate_isr2_service
                0x000000000000b30c                tpl_null_it
 .osCode        0x000000000000b328      0x4dc build/os/tpl_os_task_kernel.c.o
                0x000000000000b328                tpl_activate_task_service
                0x000000000000b3d0                tpl_terminate_task_service
                0x000000000000b49c                tpl_chain_task_service
                0x000000000000b5dc                tpl_schedule_service
                0x000000000000b6d0                tpl_get_task_id_service
                0x000000000000b760                tpl_get_task_state_service
 .osCode        0x000000000000b804      0x3a4 build/os/tpl_os_resource_kernel.c.o
                0x000000000000b804                tpl_release_all_resources
                0x000000000000b8a0                tpl_get_resource_service
                0x000000000000ba58                tpl_release_resource_service
 .osCode        0x000000000000bba8      0x618 build/os/tpl_os_alarm_kernel.c.o
                0x000000000000bba8                tpl_raise_alarm
                0x000000000000bbe8                tpl_get_alarm_base_service
                0x000000000000bcb8                tpl_get_alarm_service
                0x000000000000bdbc                tpl_set_rel_alarm_service
                0x000000000000bf8c                tpl_set_abs_alarm_service
                0x000000000000c10c                tpl_cancel_alarm_service
 .osCode        0x000000000000c1c0       0x70 build/blink.c.o
                0x000000000000c1c0                assert_failed
                0x000000000000c1e0                PreTaskHook
                0x000000000000c208                PostTaskHook
 .osCode        0x000000000000c230       0x44 build/blink/tpl_app_config.c.o
                0x000000000000c230                tpl_tick_ARM_TIMER
                0x000000000000c260                ARM_TIMER_Handler
 .osCode        0x000000000000c274       0xdc build/machines/cortex-a/tpl_irq.S.o
                0x000000000000c274                tpl_primary_irq_handler
 .osCode        0x000000000000c350      0x140 build/machines/cortex-a/tpl_system_call.S.o
                0x000000000000c350                tpl_primary_syscall_handler
 .osCode        0x000000000000c490        0x8 build/machines/cortex-a/tpl_trusted_fct.S.o
                0x000000000000c490                tpl_exit_trusted_function_service
 .osCode        0x000000000000c498      0x174 build/machines/cortex-a/tpl_machine_arm.c.o
                0x000000000000c498                tpl_init_machine_generic
                0x000000000000c4bc                tpl_get_task_lock
                0x000000000000c4d0                tpl_release_task_lock
                0x000000000000c4e4                tpl_enable_interrupts
                0x000000000000c504                tpl_disable_interrupts
                0x000000000000c530                tpl_init_context
                0x000000000000c5dc                tpl_check_stack_footprint
 .osCode        0x000000000000c60c        0x4 build/machines/cortex-a/armv7/bcm2836/rpi2/rpi2_tpl_sleep.S.o
                0x000000000000c60c                tpl_sleep
 .osCode        0x000000000000c610       0x54 build/machines/cortex-a/armv7/bcm2836/rpi2/rpi2_tpl_stubs.c.o
                0x000000000000c610                tpl_init_machine
                0x000000000000c640                tpl_shutdown
 .osCode        0x000000000000c664      0x180 build/machines/cortex-a/armv7/bcm2836/rpi2/rpi2_exception_catch.S.o
                0x000000000000c664                primary_undefined_instruction_handler_etiq
                0x000000000000c6c0                primary_prefetch_abort_handler
                0x000000000000c71c                primary_data_abort_handler
                0x000000000000c778                primary_unused_handler
                0x000000000000c7d4                tpl_primary_fiq_handler

.iplt           0x000000000000c7e4        0x0
 .iplt          0x0000000000000000        0x0 build/os/tpl_os_kernel.c.o

.osApiCode      0x000000000000c7e4      0x21c
 .osApiCode     0x000000000000c7e4       0x3c build/os/tpl_os_os.c.o
                0x000000000000c7e4                StartOS
 .osApiCode     0x000000000000c820      0x1e0 build/blink/tpl_invoque.S.o
                0x000000000000c820                GetActiveApplicationMode
                0x000000000000c834                tpl_start_os
                0x000000000000c848                ShutdownOS
                0x000000000000c85c                EnableAllInterrupts
                0x000000000000c870                DisableAllInterrupts
                0x000000000000c884                ResumeAllInterrupts
                0x000000000000c898                SuspendAllInterrupts
                0x000000000000c8ac                ResumeOSInterrupts
                0x000000000000c8c0                SuspendOSInterrupts
                0x000000000000c8d4                CallTerminateISR2
                0x000000000000c8e8                ActivateTask
                0x000000000000c8fc                TerminateTask
                0x000000000000c910                ChainTask
                0x000000000000c924                Schedule
                0x000000000000c938                GetTaskID
                0x000000000000c94c                GetTaskState
                0x000000000000c960                CallTerminateTask
                0x000000000000c974                GetResource
                0x000000000000c988                ReleaseResource
                0x000000000000c99c                GetAlarmBase
                0x000000000000c9b0                GetAlarm
                0x000000000000c9c4                SetRelAlarm
                0x000000000000c9d8                SetAbsAlarm
                0x000000000000c9ec                CancelAlarm

.Task_blinkCode
                0x000000000000ca00      0x260
 .Task_blinkCode
                0x000000000000ca00      0x260 build/blink.c.o
                0x000000000000ca00                main
                0x000000000000cc14                blink_function

.stacks         0x000000000000cc60     0x1c00
 .stacks        0x000000000000cc60     0x1c00 build/machines/cortex-a/tpl_stacks.S.o
                0x000000000000cc60                irq_stack_top
                0x000000000000d060                fiq_stack_top
                0x000000000000d060                irq_stack_bottom
                0x000000000000d460                fiq_stack_bottom
                0x000000000000d460                svc_stack_top
                0x000000000000dc60                abt_stack_top
                0x000000000000dc60                svc_stack_bottom
                0x000000000000e060                und_stack_top
                0x000000000000e060                abt_stack_bottom
                0x000000000000e460                usr_stack_top
                0x000000000000e460                und_stack_bottom
                0x000000000000e860                usr_stack_bottom

.vectbl         0x000000000000e860       0x68
 .vectbl        0x000000000000e860       0x68 build/machines/cortex-a/tpl_vector_table.s.o
                0x000000000000e860                secureVectors
                0x000000000000e888                vectors

.rel.dyn        0x000000000000e8c8        0x0
 .rel.iplt      0x0000000000000000        0x0 build/os/tpl_os_kernel.c.o

.bss            0x000000000000e8c8    0x51404
                0x000000000000e8c8                . = ALIGN (0x8)
                0x000000000000e8c8                __bss_start = .
                0x000000000000e8c8                bss = .
 *(.bss)
 .bss           0x000000000000e8c8        0x0 build/os/tpl_os_kernel.c.o
 .bss           0x000000000000e8c8        0x0 build/os/tpl_os_timeobj_kernel.c.o
 .bss           0x000000000000e8c8        0x0 build/os/tpl_os_action.c.o
 .bss           0x000000000000e8c8        0x0 build/os/tpl_os_error.c.o
 .bss           0x000000000000e8c8        0x0 build/os/tpl_os_os_kernel.c.o
 .bss           0x000000000000e8c8        0x0 build/os/tpl_os_os.c.o
 .bss           0x000000000000e8c8        0x0 build/os/tpl_os_interrupt_kernel.c.o
 .bss           0x000000000000e8c8        0x0 build/os/tpl_os_task_kernel.c.o
 .bss           0x000000000000e8c8        0x0 build/os/tpl_os_resource_kernel.c.o
 .bss           0x000000000000e8c8        0x0 build/os/tpl_os_alarm_kernel.c.o
 .bss           0x000000000000e8c8        0x4 build/blink.c.o
 .bss           0x000000000000e8cc        0x0 build/blink/tpl_app_config.c.o
 .bss           0x000000000000e8cc        0x0 build/blink/tpl_dispatch_table.c.o
 .bss           0x000000000000e8cc        0x0 build/blink/tpl_invoque.S.o
 .bss           0x000000000000e8cc        0x0 build/machines/cortex-a/tpl_irq.S.o
 .bss           0x000000000000e8cc        0x0 build/machines/cortex-a/tpl_system_call.S.o
 .bss           0x000000000000e8cc        0x0 build/machines/cortex-a/tpl_stacks.S.o
 .bss           0x000000000000e8cc        0x0 build/machines/cortex-a/tpl_trusted_fct.S.o
 .bss           0x000000000000e8cc        0x0 build/machines/cortex-a/tpl_vector_table.s.o
 .bss           0x000000000000e8cc        0x0 build/machines/cortex-a/tpl_machine_arm.c.o
 .bss           0x000000000000e8cc        0x0 build/machines/cortex-a/armv7/bcm2836/bcm2836_misc.c.o
 .bss           0x000000000000e8cc        0x0 build/machines/cortex-a/armv7/bcm2836/handlers_bcm2836.c.o
 .bss           0x000000000000e8cc        0x0 build/machines/cortex-a/armv7/bcm2836/rpi2/rpi2_tpl_sleep.S.o
 .bss           0x000000000000e8cc        0x0 build/machines/cortex-a/armv7/bcm2836/rpi2/rpi2_bootstrap_stage1.S.o
 .bss           0x000000000000e8cc        0x0 build/machines/cortex-a/armv7/bcm2836/rpi2/rpi2_bootstrap_stage2.c.o
 .bss           0x000000000000e8cc        0x0 build/machines/cortex-a/armv7/bcm2836/rpi2/rpi2_tpl_stubs.c.o
 .bss           0x000000000000e8cc        0x0 build/machines/cortex-a/armv7/bcm2836/rpi2/rpi2_irq.c.o
 .bss           0x000000000000e8cc        0x0 build/machines/cortex-a/armv7/bcm2836/rpi2/rpi2_exception_catch.S.o
 .bss           0x000000000000e8cc        0x0 build/machines/cortex-a/armv7/bcm2836/rpi2/rpi2_trace.c.o
 .bss           0x000000000000e8cc        0x0 build/machines/cortex-a/armv7/bcm2836/rpi2/drivers/rpi2_uart.c.o
                0x0000000000050000                . = 0x50000
 *fill*         0x000000000000e8cc    0x4fffc 
                0x000000000005e8c8                stacks = .
                0x000000000005eac8                . = (. + 0x200)
 *fill*         0x000000000005e8c8      0x200 
                0x000000000005eac8                __SP_fiq_ = .
                0x000000000005eec8                . = (. + 0x400)
 *fill*         0x000000000005eac8      0x400 
                0x000000000005eec8                __SP_irq_ = .
                0x000000000005f0c8                . = (. + 0x200)
 *fill*         0x000000000005eec8      0x200 
                0x000000000005f0c8                __SP_mon_ = .
                0x000000000005f2c8                . = (. + 0x200)
 *fill*         0x000000000005f0c8      0x200 
                0x000000000005f2c8                __SP_und_ = .
                0x000000000005f4c8                . = (. + 0x200)
 *fill*         0x000000000005f2c8      0x200 
                0x000000000005f4c8                __SP_abt_ = .
                0x000000000005f6c8                . = (. + 0x200)
 *fill*         0x000000000005f4c8      0x200 
                0x000000000005f6c8                __SP_svc_ = .
                0x000000000005f8c8                . = (. + 0x200)
 *fill*         0x000000000005f6c8      0x200 
                0x000000000005f8c8                __SP_hyp_ = .
                0x000000000005fcc8                . = (. + 0x400)
 *fill*         0x000000000005f8c8      0x400 
                0x000000000005fcc8                __SP_usr_ = .
 COMMON         0x000000000005fcc8        0x4 build/blink.c.o
                0x000000000005fcc8                nbsvc
LOAD /Users/DavidGarriou/Tools/gcc/gcc-arm-none-eabi/arm-none-eabi/lib/libc.a
LOAD /Users/DavidGarriou/Tools/gcc/gcc-arm-none-eabi/lib/gcc/arm-none-eabi/4.9.3/libgcc.a
OUTPUT(blink_exe elf32-littlearm)

.debug_info     0x0000000000000000     0x46e5
 .debug_info    0x0000000000000000      0xbcf build/os/tpl_os_kernel.c.o
 .debug_info    0x0000000000000bcf      0x39c build/os/tpl_os_timeobj_kernel.c.o
 .debug_info    0x0000000000000f6b      0x1c1 build/os/tpl_os_action.c.o
 .debug_info    0x000000000000112c       0x5d build/os/tpl_os_error.c.o
 .debug_info    0x0000000000001189      0x143 build/os/tpl_os_os_kernel.c.o
 .debug_info    0x00000000000012cc       0xaf build/os/tpl_os_os.c.o
 .debug_info    0x000000000000137b      0x493 build/os/tpl_os_interrupt_kernel.c.o
 .debug_info    0x000000000000180e      0x4df build/os/tpl_os_task_kernel.c.o
 .debug_info    0x0000000000001ced      0x51b build/os/tpl_os_resource_kernel.c.o
 .debug_info    0x0000000000002208      0x530 build/os/tpl_os_alarm_kernel.c.o
 .debug_info    0x0000000000002738      0x24c build/blink.c.o
 .debug_info    0x0000000000002984      0x996 build/blink/tpl_app_config.c.o
 .debug_info    0x000000000000331a       0x95 build/blink/tpl_dispatch_table.c.o
 .debug_info    0x00000000000033af       0x97 build/blink/tpl_invoque.S.o
 .debug_info    0x0000000000003446       0xb1 build/machines/cortex-a/tpl_irq.S.o
 .debug_info    0x00000000000034f7       0xb9 build/machines/cortex-a/tpl_system_call.S.o
 .debug_info    0x00000000000035b0       0xb9 build/machines/cortex-a/tpl_trusted_fct.S.o
 .debug_info    0x0000000000003669       0xba build/machines/cortex-a/tpl_vector_table.s.o
 .debug_info    0x0000000000003723      0x478 build/machines/cortex-a/tpl_machine_arm.c.o
 .debug_info    0x0000000000003b9b       0xb1 build/machines/cortex-a/armv7/bcm2836/bcm2836_misc.c.o
 .debug_info    0x0000000000003c4c       0x81 build/machines/cortex-a/armv7/bcm2836/handlers_bcm2836.c.o
 .debug_info    0x0000000000003ccd       0xcb build/machines/cortex-a/armv7/bcm2836/rpi2/rpi2_tpl_sleep.S.o
 .debug_info    0x0000000000003d98       0xd2 build/machines/cortex-a/armv7/bcm2836/rpi2/rpi2_bootstrap_stage1.S.o
 .debug_info    0x0000000000003e6a       0x84 build/machines/cortex-a/armv7/bcm2836/rpi2/rpi2_bootstrap_stage2.c.o
 .debug_info    0x0000000000003eee       0x87 build/machines/cortex-a/armv7/bcm2836/rpi2/rpi2_tpl_stubs.c.o
 .debug_info    0x0000000000003f75      0x1f5 build/machines/cortex-a/armv7/bcm2836/rpi2/rpi2_irq.c.o
 .debug_info    0x000000000000416a       0xd1 build/machines/cortex-a/armv7/bcm2836/rpi2/rpi2_exception_catch.S.o
 .debug_info    0x000000000000423b      0x273 build/machines/cortex-a/armv7/bcm2836/rpi2/rpi2_trace.c.o
 .debug_info    0x00000000000044ae      0x237 build/machines/cortex-a/armv7/bcm2836/rpi2/drivers/rpi2_uart.c.o

.debug_abbrev   0x0000000000000000     0x1416
 .debug_abbrev  0x0000000000000000      0x242 build/os/tpl_os_kernel.c.o
 .debug_abbrev  0x0000000000000242      0x115 build/os/tpl_os_timeobj_kernel.c.o
 .debug_abbrev  0x0000000000000357       0xc1 build/os/tpl_os_action.c.o
 .debug_abbrev  0x0000000000000418       0x1b build/os/tpl_os_error.c.o
 .debug_abbrev  0x0000000000000433       0x87 build/os/tpl_os_os_kernel.c.o
 .debug_abbrev  0x00000000000004ba       0x5c build/os/tpl_os_os.c.o
 .debug_abbrev  0x0000000000000516      0x182 build/os/tpl_os_interrupt_kernel.c.o
 .debug_abbrev  0x0000000000000698      0x14a build/os/tpl_os_task_kernel.c.o
 .debug_abbrev  0x00000000000007e2      0x14f build/os/tpl_os_resource_kernel.c.o
 .debug_abbrev  0x0000000000000931      0x144 build/os/tpl_os_alarm_kernel.c.o
 .debug_abbrev  0x0000000000000a75      0x135 build/blink.c.o
 .debug_abbrev  0x0000000000000baa      0x178 build/blink/tpl_app_config.c.o
 .debug_abbrev  0x0000000000000d22       0x62 build/blink/tpl_dispatch_table.c.o
 .debug_abbrev  0x0000000000000d84       0x14 build/blink/tpl_invoque.S.o
 .debug_abbrev  0x0000000000000d98       0x14 build/machines/cortex-a/tpl_irq.S.o
 .debug_abbrev  0x0000000000000dac       0x14 build/machines/cortex-a/tpl_system_call.S.o
 .debug_abbrev  0x0000000000000dc0       0x14 build/machines/cortex-a/tpl_trusted_fct.S.o
 .debug_abbrev  0x0000000000000dd4       0x14 build/machines/cortex-a/tpl_vector_table.s.o
 .debug_abbrev  0x0000000000000de8      0x161 build/machines/cortex-a/tpl_machine_arm.c.o
 .debug_abbrev  0x0000000000000f49       0x76 build/machines/cortex-a/armv7/bcm2836/bcm2836_misc.c.o
 .debug_abbrev  0x0000000000000fbf       0x44 build/machines/cortex-a/armv7/bcm2836/handlers_bcm2836.c.o
 .debug_abbrev  0x0000000000001003       0x14 build/machines/cortex-a/armv7/bcm2836/rpi2/rpi2_tpl_sleep.S.o
 .debug_abbrev  0x0000000000001017       0x14 build/machines/cortex-a/armv7/bcm2836/rpi2/rpi2_bootstrap_stage1.S.o
 .debug_abbrev  0x000000000000102b       0x40 build/machines/cortex-a/armv7/bcm2836/rpi2/rpi2_bootstrap_stage2.c.o
 .debug_abbrev  0x000000000000106b       0x4f build/machines/cortex-a/armv7/bcm2836/rpi2/rpi2_tpl_stubs.c.o
 .debug_abbrev  0x00000000000010ba      0x13a build/machines/cortex-a/armv7/bcm2836/rpi2/rpi2_irq.c.o
 .debug_abbrev  0x00000000000011f4       0x14 build/machines/cortex-a/armv7/bcm2836/rpi2/rpi2_exception_catch.S.o
 .debug_abbrev  0x0000000000001208      0x106 build/machines/cortex-a/armv7/bcm2836/rpi2/rpi2_trace.c.o
 .debug_abbrev  0x000000000000130e      0x108 build/machines/cortex-a/armv7/bcm2836/rpi2/drivers/rpi2_uart.c.o

.debug_aranges  0x0000000000000000      0x598
 .debug_aranges
                0x0000000000000000       0xd8 build/os/tpl_os_kernel.c.o
 .debug_aranges
                0x00000000000000d8       0x40 build/os/tpl_os_timeobj_kernel.c.o
 .debug_aranges
                0x0000000000000118       0x28 build/os/tpl_os_action.c.o
 .debug_aranges
                0x0000000000000140       0x18 build/os/tpl_os_error.c.o
 .debug_aranges
                0x0000000000000158       0x30 build/os/tpl_os_os_kernel.c.o
 .debug_aranges
                0x0000000000000188       0x20 build/os/tpl_os_os.c.o
 .debug_aranges
                0x00000000000001a8       0x68 build/os/tpl_os_interrupt_kernel.c.o
 .debug_aranges
                0x0000000000000210       0x48 build/os/tpl_os_task_kernel.c.o
 .debug_aranges
                0x0000000000000258       0x30 build/os/tpl_os_resource_kernel.c.o
 .debug_aranges
                0x0000000000000288       0x48 build/os/tpl_os_alarm_kernel.c.o
 .debug_aranges
                0x00000000000002d0       0x48 build/blink.c.o
 .debug_aranges
                0x0000000000000318       0x28 build/blink/tpl_app_config.c.o
 .debug_aranges
                0x0000000000000340       0x18 build/blink/tpl_dispatch_table.c.o
 .debug_aranges
                0x0000000000000358       0x20 build/blink/tpl_invoque.S.o
 .debug_aranges
                0x0000000000000378       0x20 build/machines/cortex-a/tpl_irq.S.o
 .debug_aranges
                0x0000000000000398       0x20 build/machines/cortex-a/tpl_system_call.S.o
 .debug_aranges
                0x00000000000003b8       0x20 build/machines/cortex-a/tpl_trusted_fct.S.o
 .debug_aranges
                0x00000000000003d8       0x20 build/machines/cortex-a/tpl_vector_table.s.o
 .debug_aranges
                0x00000000000003f8       0x58 build/machines/cortex-a/tpl_machine_arm.c.o
 .debug_aranges
                0x0000000000000450       0x20 build/machines/cortex-a/armv7/bcm2836/bcm2836_misc.c.o
 .debug_aranges
                0x0000000000000470       0x20 build/machines/cortex-a/armv7/bcm2836/handlers_bcm2836.c.o
 .debug_aranges
                0x0000000000000490       0x20 build/machines/cortex-a/armv7/bcm2836/rpi2/rpi2_tpl_sleep.S.o
 .debug_aranges
                0x00000000000004b0       0x20 build/machines/cortex-a/armv7/bcm2836/rpi2/rpi2_bootstrap_stage1.S.o
 .debug_aranges
                0x00000000000004d0       0x20 build/machines/cortex-a/armv7/bcm2836/rpi2/rpi2_bootstrap_stage2.c.o
 .debug_aranges
                0x00000000000004f0       0x28 build/machines/cortex-a/armv7/bcm2836/rpi2/rpi2_tpl_stubs.c.o
 .debug_aranges
                0x0000000000000518       0x20 build/machines/cortex-a/armv7/bcm2836/rpi2/rpi2_irq.c.o
 .debug_aranges
                0x0000000000000538       0x20 build/machines/cortex-a/armv7/bcm2836/rpi2/rpi2_exception_catch.S.o
 .debug_aranges
                0x0000000000000558       0x20 build/machines/cortex-a/armv7/bcm2836/rpi2/rpi2_trace.c.o
 .debug_aranges
                0x0000000000000578       0x20 build/machines/cortex-a/armv7/bcm2836/rpi2/drivers/rpi2_uart.c.o

.debug_ranges   0x0000000000000000      0x2d8
 .debug_ranges  0x0000000000000000       0xc8 build/os/tpl_os_kernel.c.o
 .debug_ranges  0x00000000000000c8       0x30 build/os/tpl_os_timeobj_kernel.c.o
 .debug_ranges  0x00000000000000f8       0x18 build/os/tpl_os_action.c.o
 .debug_ranges  0x0000000000000110       0x20 build/os/tpl_os_os_kernel.c.o
 .debug_ranges  0x0000000000000130       0x10 build/os/tpl_os_os.c.o
 .debug_ranges  0x0000000000000140       0x58 build/os/tpl_os_interrupt_kernel.c.o
 .debug_ranges  0x0000000000000198       0x38 build/os/tpl_os_task_kernel.c.o
 .debug_ranges  0x00000000000001d0       0x20 build/os/tpl_os_resource_kernel.c.o
 .debug_ranges  0x00000000000001f0       0x38 build/os/tpl_os_alarm_kernel.c.o
 .debug_ranges  0x0000000000000228       0x38 build/blink.c.o
 .debug_ranges  0x0000000000000260       0x18 build/blink/tpl_app_config.c.o
 .debug_ranges  0x0000000000000278       0x48 build/machines/cortex-a/tpl_machine_arm.c.o
 .debug_ranges  0x00000000000002c0       0x18 build/machines/cortex-a/armv7/bcm2836/rpi2/rpi2_tpl_stubs.c.o

.debug_line     0x0000000000000000     0x1f9a
 .debug_line    0x0000000000000000      0x313 build/os/tpl_os_kernel.c.o
 .debug_line    0x0000000000000313      0x18c build/os/tpl_os_timeobj_kernel.c.o
 .debug_line    0x000000000000049f       0xf8 build/os/tpl_os_action.c.o
 .debug_line    0x0000000000000597       0x1d build/os/tpl_os_error.c.o
 .debug_line    0x00000000000005b4       0xdb build/os/tpl_os_os_kernel.c.o
 .debug_line    0x000000000000068f       0xba build/os/tpl_os_os.c.o
 .debug_line    0x0000000000000749      0x177 build/os/tpl_os_interrupt_kernel.c.o
 .debug_line    0x00000000000008c0      0x20f build/os/tpl_os_task_kernel.c.o
 .debug_line    0x0000000000000acf      0x1d0 build/os/tpl_os_resource_kernel.c.o
 .debug_line    0x0000000000000c9f      0x242 build/os/tpl_os_alarm_kernel.c.o
 .debug_line    0x0000000000000ee1      0x1a8 build/blink.c.o
 .debug_line    0x0000000000001089      0x1cc build/blink/tpl_app_config.c.o
 .debug_line    0x0000000000001255       0x68 build/blink/tpl_dispatch_table.c.o
 .debug_line    0x00000000000012bd       0xba build/blink/tpl_invoque.S.o
 .debug_line    0x0000000000001377       0xa3 build/machines/cortex-a/tpl_irq.S.o
 .debug_line    0x000000000000141a       0xc9 build/machines/cortex-a/tpl_system_call.S.o
 .debug_line    0x00000000000014e3       0x67 build/machines/cortex-a/tpl_trusted_fct.S.o
 .debug_line    0x000000000000154a       0x75 build/machines/cortex-a/tpl_vector_table.s.o
 .debug_line    0x00000000000015bf      0x149 build/machines/cortex-a/tpl_machine_arm.c.o
 .debug_line    0x0000000000001708       0xb7 build/machines/cortex-a/armv7/bcm2836/bcm2836_misc.c.o
 .debug_line    0x00000000000017bf       0xb0 build/machines/cortex-a/armv7/bcm2836/handlers_bcm2836.c.o
 .debug_line    0x000000000000186f       0x77 build/machines/cortex-a/armv7/bcm2836/rpi2/rpi2_tpl_sleep.S.o
 .debug_line    0x00000000000018e6      0x17b build/machines/cortex-a/armv7/bcm2836/rpi2/rpi2_bootstrap_stage1.S.o
 .debug_line    0x0000000000001a61       0x86 build/machines/cortex-a/armv7/bcm2836/rpi2/rpi2_bootstrap_stage2.c.o
 .debug_line    0x0000000000001ae7       0x84 build/machines/cortex-a/armv7/bcm2836/rpi2/rpi2_tpl_stubs.c.o
 .debug_line    0x0000000000001b6b      0x150 build/machines/cortex-a/armv7/bcm2836/rpi2/rpi2_irq.c.o
 .debug_line    0x0000000000001cbb       0x95 build/machines/cortex-a/armv7/bcm2836/rpi2/rpi2_exception_catch.S.o
 .debug_line    0x0000000000001d50      0x116 build/machines/cortex-a/armv7/bcm2836/rpi2/rpi2_trace.c.o
 .debug_line    0x0000000000001e66      0x134 build/machines/cortex-a/armv7/bcm2836/rpi2/drivers/rpi2_uart.c.o

.debug_str      0x0000000000000000     0x190b
 .debug_str     0x0000000000000000      0x7e1 build/os/tpl_os_kernel.c.o
                                        0x8c9 (size before relaxing)
 .debug_str     0x00000000000007e1      0x100 build/os/tpl_os_timeobj_kernel.c.o
                                        0x3a3 (size before relaxing)
 .debug_str     0x00000000000008e1       0xfd build/os/tpl_os_action.c.o
                                        0x2d1 (size before relaxing)
 .debug_str     0x00000000000009de       0x24 build/os/tpl_os_error.c.o
                                        0x1a6 (size before relaxing)
 .debug_str     0x0000000000000a02       0x83 build/os/tpl_os_os_kernel.c.o
                                        0x260 (size before relaxing)
 .debug_str     0x0000000000000a85       0x35 build/os/tpl_os_os.c.o
                                        0x1d7 (size before relaxing)
 .debug_str     0x0000000000000aba      0x1d0 build/os/tpl_os_interrupt_kernel.c.o
                                        0x5b0 (size before relaxing)
 .debug_str     0x0000000000000c8a       0xbe build/os/tpl_os_task_kernel.c.o
                                        0x4de (size before relaxing)
 .debug_str     0x0000000000000d48       0xd9 build/os/tpl_os_resource_kernel.c.o
                                        0x51f (size before relaxing)
 .debug_str     0x0000000000000e21      0x16c build/os/tpl_os_alarm_kernel.c.o
                                        0x48b (size before relaxing)
 .debug_str     0x0000000000000f8d       0xf6 build/blink.c.o
                                        0x2d3 (size before relaxing)
 .debug_str     0x0000000000001083      0x1f0 build/blink/tpl_app_config.c.o
                                        0x894 (size before relaxing)
 .debug_str     0x0000000000001273       0x3e build/blink/tpl_dispatch_table.c.o
                                        0x1c0 (size before relaxing)
 .debug_str     0x00000000000012b1      0x294 build/machines/cortex-a/tpl_machine_arm.c.o
                                        0x5c1 (size before relaxing)
 .debug_str     0x0000000000001545       0x4f build/machines/cortex-a/armv7/bcm2836/bcm2836_misc.c.o
                                        0x1e5 (size before relaxing)
 .debug_str     0x0000000000001594       0x45 build/machines/cortex-a/armv7/bcm2836/handlers_bcm2836.c.o
                                        0x1e2 (size before relaxing)
 .debug_str     0x00000000000015d9       0x6a build/machines/cortex-a/armv7/bcm2836/rpi2/rpi2_bootstrap_stage2.c.o
                                        0x1f9 (size before relaxing)
 .debug_str     0x0000000000001643       0x66 build/machines/cortex-a/armv7/bcm2836/rpi2/rpi2_tpl_stubs.c.o
                                        0x1e8 (size before relaxing)
 .debug_str     0x00000000000016a9       0x88 build/machines/cortex-a/armv7/bcm2836/rpi2/rpi2_irq.c.o
                                        0x280 (size before relaxing)
 .debug_str     0x0000000000001731       0xfb build/machines/cortex-a/armv7/bcm2836/rpi2/rpi2_trace.c.o
                                        0x2a1 (size before relaxing)
 .debug_str     0x000000000000182c       0xdf build/machines/cortex-a/armv7/bcm2836/rpi2/drivers/rpi2_uart.c.o
                                        0x280 (size before relaxing)

.comment        0x0000000000000000       0x70
 .comment       0x0000000000000000       0x70 build/os/tpl_os_kernel.c.o
                                         0x71 (size before relaxing)
 .comment       0x0000000000000000       0x71 build/os/tpl_os_timeobj_kernel.c.o
 .comment       0x0000000000000000       0x71 build/os/tpl_os_action.c.o
 .comment       0x0000000000000000       0x71 build/os/tpl_os_error.c.o
 .comment       0x0000000000000000       0x71 build/os/tpl_os_os_kernel.c.o
 .comment       0x0000000000000000       0x71 build/os/tpl_os_os.c.o
 .comment       0x0000000000000000       0x71 build/os/tpl_os_interrupt_kernel.c.o
 .comment       0x0000000000000000       0x71 build/os/tpl_os_task_kernel.c.o
 .comment       0x0000000000000000       0x71 build/os/tpl_os_resource_kernel.c.o
 .comment       0x0000000000000000       0x71 build/os/tpl_os_alarm_kernel.c.o
 .comment       0x0000000000000000       0x71 build/blink.c.o
 .comment       0x0000000000000000       0x71 build/blink/tpl_app_config.c.o
 .comment       0x0000000000000000       0x71 build/blink/tpl_dispatch_table.c.o
 .comment       0x0000000000000000       0x71 build/machines/cortex-a/tpl_machine_arm.c.o
 .comment       0x0000000000000000       0x71 build/machines/cortex-a/armv7/bcm2836/bcm2836_misc.c.o
 .comment       0x0000000000000000       0x71 build/machines/cortex-a/armv7/bcm2836/handlers_bcm2836.c.o
 .comment       0x0000000000000000       0x71 build/machines/cortex-a/armv7/bcm2836/rpi2/rpi2_bootstrap_stage2.c.o
 .comment       0x0000000000000000       0x71 build/machines/cortex-a/armv7/bcm2836/rpi2/rpi2_tpl_stubs.c.o
 .comment       0x0000000000000000       0x71 build/machines/cortex-a/armv7/bcm2836/rpi2/rpi2_irq.c.o
 .comment       0x0000000000000000       0x71 build/machines/cortex-a/armv7/bcm2836/rpi2/rpi2_trace.c.o
 .comment       0x0000000000000000       0x71 build/machines/cortex-a/armv7/bcm2836/rpi2/drivers/rpi2_uart.c.o

.ARM.attributes
                0x0000000000000000       0x39
 .ARM.attributes
                0x0000000000000000       0x3b build/os/tpl_os_kernel.c.o
 .ARM.attributes
                0x000000000000003b       0x3b build/os/tpl_os_timeobj_kernel.c.o
 .ARM.attributes
                0x0000000000000076       0x3b build/os/tpl_os_action.c.o
 .ARM.attributes
                0x00000000000000b1       0x3b build/os/tpl_os_error.c.o
 .ARM.attributes
                0x00000000000000ec       0x3b build/os/tpl_os_os_kernel.c.o
 .ARM.attributes
                0x0000000000000127       0x3b build/os/tpl_os_os.c.o
 .ARM.attributes
                0x0000000000000162       0x3b build/os/tpl_os_interrupt_kernel.c.o
 .ARM.attributes
                0x000000000000019d       0x3b build/os/tpl_os_task_kernel.c.o
 .ARM.attributes
                0x00000000000001d8       0x3b build/os/tpl_os_resource_kernel.c.o
 .ARM.attributes
                0x0000000000000213       0x3b build/os/tpl_os_alarm_kernel.c.o
 .ARM.attributes
                0x000000000000024e       0x3b build/blink.c.o
 .ARM.attributes
                0x0000000000000289       0x3b build/blink/tpl_app_config.c.o
 .ARM.attributes
                0x00000000000002c4       0x3b build/blink/tpl_dispatch_table.c.o
 .ARM.attributes
                0x00000000000002ff       0x29 build/blink/tpl_invoque.S.o
 .ARM.attributes
                0x0000000000000328       0x29 build/machines/cortex-a/tpl_irq.S.o
 .ARM.attributes
                0x0000000000000351       0x29 build/machines/cortex-a/tpl_system_call.S.o
 .ARM.attributes
                0x000000000000037a       0x29 build/machines/cortex-a/tpl_stacks.S.o
 .ARM.attributes
                0x00000000000003a3       0x29 build/machines/cortex-a/tpl_trusted_fct.S.o
 .ARM.attributes
                0x00000000000003cc       0x29 build/machines/cortex-a/tpl_vector_table.s.o
 .ARM.attributes
                0x00000000000003f5       0x3b build/machines/cortex-a/tpl_machine_arm.c.o
 .ARM.attributes
                0x0000000000000430       0x3b build/machines/cortex-a/armv7/bcm2836/bcm2836_misc.c.o
 .ARM.attributes
                0x000000000000046b       0x3b build/machines/cortex-a/armv7/bcm2836/handlers_bcm2836.c.o
 .ARM.attributes
                0x00000000000004a6       0x29 build/machines/cortex-a/armv7/bcm2836/rpi2/rpi2_tpl_sleep.S.o
 .ARM.attributes
                0x00000000000004cf       0x29 build/machines/cortex-a/armv7/bcm2836/rpi2/rpi2_bootstrap_stage1.S.o
 .ARM.attributes
                0x00000000000004f8       0x3b build/machines/cortex-a/armv7/bcm2836/rpi2/rpi2_bootstrap_stage2.c.o
 .ARM.attributes
                0x0000000000000533       0x3b build/machines/cortex-a/armv7/bcm2836/rpi2/rpi2_tpl_stubs.c.o
 .ARM.attributes
                0x000000000000056e       0x3b build/machines/cortex-a/armv7/bcm2836/rpi2/rpi2_irq.c.o
 .ARM.attributes
                0x00000000000005a9       0x29 build/machines/cortex-a/armv7/bcm2836/rpi2/rpi2_exception_catch.S.o
 .ARM.attributes
                0x00000000000005d2       0x3b build/machines/cortex-a/armv7/bcm2836/rpi2/rpi2_trace.c.o
 .ARM.attributes
                0x000000000000060d       0x3b build/machines/cortex-a/armv7/bcm2836/rpi2/drivers/rpi2_uart.c.o

.debug_frame    0x0000000000000000      0xfa0
 .debug_frame   0x0000000000000000      0x2fc build/os/tpl_os_kernel.c.o
 .debug_frame   0x00000000000002fc       0xb0 build/os/tpl_os_timeobj_kernel.c.o
 .debug_frame   0x00000000000003ac       0x50 build/os/tpl_os_action.c.o
 .debug_frame   0x00000000000003fc       0x70 build/os/tpl_os_os_kernel.c.o
 .debug_frame   0x000000000000046c       0x30 build/os/tpl_os_os.c.o
 .debug_frame   0x000000000000049c      0x138 build/os/tpl_os_interrupt_kernel.c.o
 .debug_frame   0x00000000000005d4       0xd0 build/os/tpl_os_task_kernel.c.o
 .debug_frame   0x00000000000006a4       0x70 build/os/tpl_os_resource_kernel.c.o
 .debug_frame   0x0000000000000714       0xd0 build/os/tpl_os_alarm_kernel.c.o
 .debug_frame   0x00000000000007e4      0x198 build/blink.c.o
 .debug_frame   0x000000000000097c       0x48 build/blink/tpl_app_config.c.o
 .debug_frame   0x00000000000009c4      0x10c build/machines/cortex-a/tpl_machine_arm.c.o
 .debug_frame   0x0000000000000ad0       0x30 build/machines/cortex-a/armv7/bcm2836/bcm2836_misc.c.o
 .debug_frame   0x0000000000000b00       0x30 build/machines/cortex-a/armv7/bcm2836/handlers_bcm2836.c.o
 .debug_frame   0x0000000000000b30       0x2c build/machines/cortex-a/armv7/bcm2836/rpi2/rpi2_bootstrap_stage2.c.o
 .debug_frame   0x0000000000000b5c       0x44 build/machines/cortex-a/armv7/bcm2836/rpi2/rpi2_tpl_stubs.c.o
 .debug_frame   0x0000000000000ba0       0x30 build/machines/cortex-a/armv7/bcm2836/rpi2/rpi2_irq.c.o
 .debug_frame   0x0000000000000bd0      0x264 build/machines/cortex-a/armv7/bcm2836/rpi2/rpi2_trace.c.o
 .debug_frame   0x0000000000000e34      0x16c build/machines/cortex-a/armv7/bcm2836/rpi2/drivers/rpi2_uart.c.o
