
Discarded input sections

 .text          0x0000000000000000        0x0 build/os/tpl_os_kernel.c.o
 .data          0x0000000000000000        0x0 build/os/tpl_os_kernel.c.o
 .bss           0x0000000000000000        0x0 build/os/tpl_os_kernel.c.o
 .osVar         0x0000000000000000        0x3 build/os/tpl_os_kernel.c.o
 .text          0x0000000000000000        0x0 build/os/tpl_os_timeobj_kernel.c.o
 .data          0x0000000000000000        0x0 build/os/tpl_os_timeobj_kernel.c.o
 .bss           0x0000000000000000        0x0 build/os/tpl_os_timeobj_kernel.c.o
 .text          0x0000000000000000        0x0 build/os/tpl_os_action.c.o
 .data          0x0000000000000000        0x0 build/os/tpl_os_action.c.o
 .bss           0x0000000000000000        0x0 build/os/tpl_os_action.c.o
 .osCode        0x0000000000000000       0x3a build/os/tpl_os_action.c.o
 .debug_info    0x0000000000000000      0x1e0 build/os/tpl_os_action.c.o
 .debug_abbrev  0x0000000000000000       0xda build/os/tpl_os_action.c.o
 .debug_aranges
                0x0000000000000000       0x28 build/os/tpl_os_action.c.o
 .debug_ranges  0x0000000000000000       0x18 build/os/tpl_os_action.c.o
 .debug_line    0x0000000000000000       0xfe build/os/tpl_os_action.c.o
 .debug_str     0x0000000000000000      0x2cf build/os/tpl_os_action.c.o
 .comment       0x0000000000000000       0x4e build/os/tpl_os_action.c.o
 .debug_frame   0x0000000000000000       0x58 build/os/tpl_os_action.c.o
 .ARM.attributes
                0x0000000000000000       0x2e build/os/tpl_os_action.c.o
 .text          0x0000000000000000        0x0 build/os/tpl_os_error.c.o
 .data          0x0000000000000000        0x0 build/os/tpl_os_error.c.o
 .bss           0x0000000000000000        0x0 build/os/tpl_os_error.c.o
 .debug_info    0x0000000000000000       0x64 build/os/tpl_os_error.c.o
 .debug_abbrev  0x0000000000000000       0x26 build/os/tpl_os_error.c.o
 .debug_aranges
                0x0000000000000000       0x18 build/os/tpl_os_error.c.o
 .debug_line    0x0000000000000000       0x1d build/os/tpl_os_error.c.o
 .debug_str     0x0000000000000000      0x1a4 build/os/tpl_os_error.c.o
 .comment       0x0000000000000000       0x4e build/os/tpl_os_error.c.o
 .ARM.attributes
                0x0000000000000000       0x37 build/os/tpl_os_error.c.o
 .text          0x0000000000000000        0x0 build/os/tpl_os_os_kernel.c.o
 .data          0x0000000000000000        0x0 build/os/tpl_os_os_kernel.c.o
 .bss           0x0000000000000000        0x0 build/os/tpl_os_os_kernel.c.o
 .osCode        0x0000000000000000       0xac build/os/tpl_os_os_kernel.c.o
 .osVar         0x0000000000000000        0x1 build/os/tpl_os_os_kernel.c.o
 .debug_info    0x0000000000000000      0x17a build/os/tpl_os_os_kernel.c.o
 .debug_abbrev  0x0000000000000000       0x9a build/os/tpl_os_os_kernel.c.o
 .debug_aranges
                0x0000000000000000       0x38 build/os/tpl_os_os_kernel.c.o
 .debug_ranges  0x0000000000000000       0x28 build/os/tpl_os_os_kernel.c.o
 .debug_line    0x0000000000000000       0xf6 build/os/tpl_os_os_kernel.c.o
 .debug_str     0x0000000000000000      0x273 build/os/tpl_os_os_kernel.c.o
 .comment       0x0000000000000000       0x4e build/os/tpl_os_os_kernel.c.o
 .debug_frame   0x0000000000000000       0xa0 build/os/tpl_os_os_kernel.c.o
 .ARM.attributes
                0x0000000000000000       0x2e build/os/tpl_os_os_kernel.c.o
 .text          0x0000000000000000        0x0 build/os/tpl_os_os.c.o
 .data          0x0000000000000000        0x0 build/os/tpl_os_os.c.o
 .bss           0x0000000000000000        0x0 build/os/tpl_os_os.c.o
 .osApiCode     0x0000000000000000       0x2a build/os/tpl_os_os.c.o
 .debug_info    0x0000000000000000       0xb7 build/os/tpl_os_os.c.o
 .debug_abbrev  0x0000000000000000       0x6b build/os/tpl_os_os.c.o
 .debug_aranges
                0x0000000000000000       0x20 build/os/tpl_os_os.c.o
 .debug_ranges  0x0000000000000000       0x10 build/os/tpl_os_os.c.o
 .debug_line    0x0000000000000000       0xbf build/os/tpl_os_os.c.o
 .debug_str     0x0000000000000000      0x1d5 build/os/tpl_os_os.c.o
 .comment       0x0000000000000000       0x4e build/os/tpl_os_os.c.o
 .debug_frame   0x0000000000000000       0x34 build/os/tpl_os_os.c.o
 .ARM.attributes
                0x0000000000000000       0x2e build/os/tpl_os_os.c.o
 .text          0x0000000000000000        0x0 build/os/tpl_os_interrupt_kernel.c.o
 .data          0x0000000000000000        0x0 build/os/tpl_os_interrupt_kernel.c.o
 .bss           0x0000000000000000        0x0 build/os/tpl_os_interrupt_kernel.c.o
 .text          0x0000000000000000        0x0 build/os/tpl_os_resource_kernel.c.o
 .data          0x0000000000000000        0x0 build/os/tpl_os_resource_kernel.c.o
 .bss           0x0000000000000000        0x0 build/os/tpl_os_resource_kernel.c.o
 .osConst       0x0000000000000000        0x2 build/os/tpl_os_resource_kernel.c.o
 .text          0x0000000000000000        0x0 build/switch.c.o
 .data          0x0000000000000000        0x0 build/switch.c.o
 .bss           0x0000000000000000        0x0 build/switch.c.o
 .text          0x0000000000000000        0x0 build/my_sc_handler.S.o
 .data          0x0000000000000000        0x0 build/my_sc_handler.S.o
 .bss           0x0000000000000000        0x0 build/my_sc_handler.S.o
 .text          0x0000000000000000        0x0 build/switch/tpl_app_config.c.o
 .data          0x0000000000000000        0x0 build/switch/tpl_app_config.c.o
 .bss           0x0000000000000000        0x0 build/switch/tpl_app_config.c.o
 .rodata.std    0x0000000000000000        0x1 build/switch/tpl_app_config.c.o
 .rodata.OSDEFAULTAPPMODE
                0x0000000000000000        0x1 build/switch/tpl_app_config.c.o
 .osApiConst    0x0000000000000000        0xc build/switch/tpl_app_config.c.o
 .text          0x0000000000000000        0x0 build/switch/tpl_dispatch_table.c.o
 .data          0x0000000000000000        0x0 build/switch/tpl_dispatch_table.c.o
 .bss           0x0000000000000000        0x0 build/switch/tpl_dispatch_table.c.o
 .osConst       0x0000000000000000       0x30 build/switch/tpl_dispatch_table.c.o
 .debug_info    0x0000000000000000       0xaa build/switch/tpl_dispatch_table.c.o
 .debug_abbrev  0x0000000000000000       0x7e build/switch/tpl_dispatch_table.c.o
 .debug_aranges
                0x0000000000000000       0x18 build/switch/tpl_dispatch_table.c.o
 .debug_line    0x0000000000000000       0x66 build/switch/tpl_dispatch_table.c.o
 .debug_str     0x0000000000000000      0x1c2 build/switch/tpl_dispatch_table.c.o
 .comment       0x0000000000000000       0x4e build/switch/tpl_dispatch_table.c.o
 .ARM.attributes
                0x0000000000000000       0x37 build/switch/tpl_dispatch_table.c.o
 .text          0x0000000000000000        0x0 build/switch/tpl_invoque.S.o
 .data          0x0000000000000000        0x0 build/switch/tpl_invoque.S.o
 .bss           0x0000000000000000        0x0 build/switch/tpl_invoque.S.o
 .osApiCode     0x0000000000000000      0x124 build/switch/tpl_invoque.S.o
 .debug_line    0x0000000000000000       0xd3 build/switch/tpl_invoque.S.o
 .debug_info    0x0000000000000000       0x26 build/switch/tpl_invoque.S.o
 .debug_abbrev  0x0000000000000000       0x14 build/switch/tpl_invoque.S.o
 .debug_aranges
                0x0000000000000000       0x20 build/switch/tpl_invoque.S.o
 .debug_str     0x0000000000000000       0x6a build/switch/tpl_invoque.S.o
 .ARM.attributes
                0x0000000000000000       0x20 build/switch/tpl_invoque.S.o
 .text          0x0000000000000000        0x0 build/switch/tpl_primary_irq.S.o
 .data          0x0000000000000000        0x0 build/switch/tpl_primary_irq.S.o
 .bss           0x0000000000000000        0x0 build/switch/tpl_primary_irq.S.o
 .osVar         0x0000000000000000        0x0 build/switch/tpl_primary_irq.S.o
 .text          0x0000000000000000        0x0 build/switch/tpl_vectors.c.o
 .data          0x0000000000000000        0x0 build/switch/tpl_vectors.c.o
 .bss           0x0000000000000000        0x0 build/switch/tpl_vectors.c.o
 .text          0x0000000000000000        0x0 build/switch/tpl_external_interrupts.c.o
 .data          0x0000000000000000        0x0 build/switch/tpl_external_interrupts.c.o
 .bss           0x0000000000000000        0x0 build/switch/tpl_external_interrupts.c.o
 .text          0x0000000000000000        0x0 build/switch/tpl_app_interrupts.c.o
 .data          0x0000000000000000        0x0 build/switch/tpl_app_interrupts.c.o
 .bss           0x0000000000000000        0x0 build/switch/tpl_app_interrupts.c.o
 .text          0x0000000000000000        0x0 build/machines/cortex/tpl_machine_cortex.c.o
 .data          0x0000000000000000        0x0 build/machines/cortex/tpl_machine_cortex.c.o
 .bss           0x0000000000000000        0x0 build/machines/cortex/tpl_machine_cortex.c.o
 .bss.tpl_isr2_disabled
                0x0000000000000000        0x1 build/machines/cortex/tpl_machine_cortex.c.o
 .text          0x0000000000000000        0x0 build/machines/cortex/tpl_startup.S.o
 .data          0x0000000000000000        0x0 build/machines/cortex/tpl_startup.S.o
 .bss           0x0000000000000000        0x0 build/machines/cortex/tpl_startup.S.o
 .text          0x0000000000000000        0x0 build/machines/cortex/armv7em/tpl_ctx_switch.S.o
 .data          0x0000000000000000        0x0 build/machines/cortex/armv7em/tpl_ctx_switch.S.o
 .bss           0x0000000000000000        0x0 build/machines/cortex/armv7em/tpl_ctx_switch.S.o
 .osCode        0x0000000000000000       0x4c build/machines/cortex/armv7em/tpl_ctx_switch.S.o
 .debug_line    0x0000000000000000       0x85 build/machines/cortex/armv7em/tpl_ctx_switch.S.o
 .debug_info    0x0000000000000000       0x26 build/machines/cortex/armv7em/tpl_ctx_switch.S.o
 .debug_abbrev  0x0000000000000000       0x14 build/machines/cortex/armv7em/tpl_ctx_switch.S.o
 .debug_aranges
                0x0000000000000000       0x20 build/machines/cortex/armv7em/tpl_ctx_switch.S.o
 .debug_str     0x0000000000000000       0x8d build/machines/cortex/armv7em/tpl_ctx_switch.S.o
 .ARM.attributes
                0x0000000000000000       0x20 build/machines/cortex/armv7em/tpl_ctx_switch.S.o
 .text          0x0000000000000000        0x0 build/machines/cortex/armv7em/tpl_ctx_switch_under_it.S.o
 .data          0x0000000000000000        0x0 build/machines/cortex/armv7em/tpl_ctx_switch_under_it.S.o
 .bss           0x0000000000000000        0x0 build/machines/cortex/armv7em/tpl_ctx_switch_under_it.S.o
 .text          0x0000000000000000        0x0 build/machines/cortex/armv7em/tpl_interrupts.S.o
 .data          0x0000000000000000        0x0 build/machines/cortex/armv7em/tpl_interrupts.S.o
 .bss           0x0000000000000000        0x0 build/machines/cortex/armv7em/tpl_interrupts.S.o
 .text          0x0000000000000000        0x0 build/machines/cortex/armv7em/stm32l432/handlers_stm32l432.c.o
 .data          0x0000000000000000        0x0 build/machines/cortex/armv7em/stm32l432/handlers_stm32l432.c.o
 .bss           0x0000000000000000        0x0 build/machines/cortex/armv7em/stm32l432/handlers_stm32l432.c.o
 .text.PendSV_Handler
                0x0000000000000000        0x6 build/machines/cortex/armv7em/stm32l432/handlers_stm32l432.c.o
 .text.SysTick_ClearFlag
                0x0000000000000000        0xc build/machines/cortex/armv7em/stm32l432/handlers_stm32l432.c.o
 .text          0x0000000000000000        0x0 build/machines/cortex/armv7em/stm32l432/startup_stm32l432.c.o
 .data          0x0000000000000000        0x0 build/machines/cortex/armv7em/stm32l432/startup_stm32l432.c.o
 .bss           0x0000000000000000        0x0 build/machines/cortex/armv7em/stm32l432/startup_stm32l432.c.o
 .text.assert_failed
                0x0000000000000000       0x14 build/machines/cortex/armv7em/stm32l432/startup_stm32l432.c.o
 .text.__cxa_pure_virtual
                0x0000000000000000        0x6 build/machines/cortex/armv7em/stm32l432/startup_stm32l432.c.o
 .text          0x0000000000000000        0x0 build/machines/cortex/armv7em/stm32l432/system_stm32l4xx.c.o
 .data          0x0000000000000000        0x0 build/machines/cortex/armv7em/stm32l432/system_stm32l4xx.c.o
 .bss           0x0000000000000000        0x0 build/machines/cortex/armv7em/stm32l432/system_stm32l4xx.c.o
 .rodata.AHBPrescTable
                0x0000000000000000       0x10 build/machines/cortex/armv7em/stm32l432/system_stm32l4xx.c.o
 .rodata.APBPrescTable
                0x0000000000000000        0x8 build/machines/cortex/armv7em/stm32l432/system_stm32l4xx.c.o
 .rodata.MSIRangeTable
                0x0000000000000000       0x30 build/machines/cortex/armv7em/stm32l432/system_stm32l4xx.c.o
 .text.SystemCoreClockUpdate
                0x0000000000000000      0x174 build/machines/cortex/armv7em/stm32l432/system_stm32l4xx.c.o
 .text          0x0000000000000000        0x0 build/machines/cortex/armv7em/stm32l432/tpl_machine_stm32l432.c.o
 .data          0x0000000000000000        0x0 build/machines/cortex/armv7em/stm32l432/tpl_machine_stm32l432.c.o
 .bss           0x0000000000000000        0x0 build/machines/cortex/armv7em/stm32l432/tpl_machine_stm32l432.c.o
 .text          0x0000000000000000        0x0 build/machines/cortex/armv7em/stm32l432/tpl_memory_protection.c.o
 .data          0x0000000000000000        0x0 build/machines/cortex/armv7em/stm32l432/tpl_memory_protection.c.o
 .bss           0x0000000000000000        0x0 build/machines/cortex/armv7em/stm32l432/tpl_memory_protection.c.o
 .debug_info    0x0000000000000000       0x64 build/machines/cortex/armv7em/stm32l432/tpl_memory_protection.c.o
 .debug_abbrev  0x0000000000000000       0x26 build/machines/cortex/armv7em/stm32l432/tpl_memory_protection.c.o
 .debug_aranges
                0x0000000000000000       0x18 build/machines/cortex/armv7em/stm32l432/tpl_memory_protection.c.o
 .debug_line    0x0000000000000000       0x1d build/machines/cortex/armv7em/stm32l432/tpl_memory_protection.c.o
 .debug_str     0x0000000000000000      0x1cc build/machines/cortex/armv7em/stm32l432/tpl_memory_protection.c.o
 .comment       0x0000000000000000       0x4e build/machines/cortex/armv7em/stm32l432/tpl_memory_protection.c.o
 .ARM.attributes
                0x0000000000000000       0x37 build/machines/cortex/armv7em/stm32l432/tpl_memory_protection.c.o
 .text          0x0000000000000000        0x0 build/machines/cortex/armv7em/stm32l432/lib/pinAccess.c.o
 .data          0x0000000000000000        0x0 build/machines/cortex/armv7em/stm32l432/lib/pinAccess.c.o
 .bss           0x0000000000000000        0x0 build/machines/cortex/armv7em/stm32l432/lib/pinAccess.c.o
 .text.clockForGpio
                0x0000000000000000       0x78 build/machines/cortex/armv7em/stm32l432/lib/pinAccess.c.o
 .text.pinMode  0x0000000000000000      0x160 build/machines/cortex/armv7em/stm32l432/lib/pinAccess.c.o
 .text.digitalWrite
                0x0000000000000000       0x70 build/machines/cortex/armv7em/stm32l432/lib/pinAccess.c.o
 .text.digitalToggle
                0x0000000000000000       0x78 build/machines/cortex/armv7em/stm32l432/lib/pinAccess.c.o
 .text.digitalRead
                0x0000000000000000       0x68 build/machines/cortex/armv7em/stm32l432/lib/pinAccess.c.o
 .text.pinAlt   0x0000000000000000       0xf0 build/machines/cortex/armv7em/stm32l432/lib/pinAccess.c.o
 .text.pinAnalog
                0x0000000000000000       0x84 build/machines/cortex/armv7em/stm32l432/lib/pinAccess.c.o
 .debug_info    0x0000000000000000      0x5a0 build/machines/cortex/armv7em/stm32l432/lib/pinAccess.c.o
 .debug_abbrev  0x0000000000000000      0x15c build/machines/cortex/armv7em/stm32l432/lib/pinAccess.c.o
 .debug_aranges
                0x0000000000000000       0x50 build/machines/cortex/armv7em/stm32l432/lib/pinAccess.c.o
 .debug_ranges  0x0000000000000000       0x40 build/machines/cortex/armv7em/stm32l432/lib/pinAccess.c.o
 .debug_line    0x0000000000000000      0x48e build/machines/cortex/armv7em/stm32l432/lib/pinAccess.c.o
 .debug_str     0x0000000000000000      0x406 build/machines/cortex/armv7em/stm32l432/lib/pinAccess.c.o
 .comment       0x0000000000000000       0x4e build/machines/cortex/armv7em/stm32l432/lib/pinAccess.c.o
 .debug_frame   0x0000000000000000      0x11c build/machines/cortex/armv7em/stm32l432/lib/pinAccess.c.o
 .ARM.attributes
                0x0000000000000000       0x2e build/machines/cortex/armv7em/stm32l432/lib/pinAccess.c.o

Memory Configuration

Name             Origin             Length             Attributes
VECTOR           0x0000000008000000 0x0000000000000168 xr
FLASH            0x0000000008000168 0x000000000003fe98 xr
RAM              0x0000000020000000 0x0000000000010000 xrw
MEMORY_B1        0x0000000060000000 0x0000000000000000 xr
*default*        0x0000000000000000 0xffffffffffffffff

Linker script and memory map

LOAD build/os/tpl_os_kernel.c.o
LOAD build/os/tpl_os_timeobj_kernel.c.o
LOAD build/os/tpl_os_action.c.o
LOAD build/os/tpl_os_error.c.o
LOAD build/os/tpl_os_os_kernel.c.o
LOAD build/os/tpl_os_os.c.o
LOAD build/os/tpl_os_interrupt_kernel.c.o
LOAD build/os/tpl_os_resource_kernel.c.o
LOAD build/switch.c.o
LOAD build/my_sc_handler.S.o
LOAD build/switch/tpl_app_config.c.o
LOAD build/switch/tpl_dispatch_table.c.o
LOAD build/switch/tpl_invoque.S.o
LOAD build/switch/tpl_primary_irq.S.o
LOAD build/switch/tpl_vectors.c.o
LOAD build/switch/tpl_external_interrupts.c.o
LOAD build/switch/tpl_app_interrupts.c.o
LOAD build/machines/cortex/tpl_machine_cortex.c.o
LOAD build/machines/cortex/tpl_startup.S.o
LOAD build/machines/cortex/armv7em/tpl_ctx_switch.S.o
LOAD build/machines/cortex/armv7em/tpl_ctx_switch_under_it.S.o
LOAD build/machines/cortex/armv7em/tpl_interrupts.S.o
LOAD build/machines/cortex/armv7em/stm32l432/handlers_stm32l432.c.o
LOAD build/machines/cortex/armv7em/stm32l432/startup_stm32l432.c.o
LOAD build/machines/cortex/armv7em/stm32l432/system_stm32l4xx.c.o
LOAD build/machines/cortex/armv7em/stm32l432/tpl_machine_stm32l432.c.o
LOAD build/machines/cortex/armv7em/stm32l432/tpl_memory_protection.c.o
LOAD build/machines/cortex/armv7em/stm32l432/lib/pinAccess.c.o
                0x0000000020010000                _estack = 0x20010000
                0x0000000000000000                _Min_Heap_Size = 0x0
                0x0000000000000400                _Min_Stack_Size = 0x400

.isr_vector     0x0000000008000000      0x168
                0x0000000008000000                . = ALIGN (0x4)
 *(.isr_vector)
 .isr_vector    0x0000000008000000      0x168 build/switch/tpl_vectors.c.o
                0x0000000008000000                tpl_it_vectors
                0x0000000008000168                . = ALIGN (0x4)
                0x0000000008000168                . = ALIGN (0x4)

ostext          0x0000000008000168     0x11d8
 *(.SC_handler)
 *(.EI_handler)
 *(.osCode)
 .osCode        0x0000000008000168      0x7c4 build/os/tpl_os_kernel.c.o
                0x0000000008000168                tpl_current_os_state
                0x00000000080001bc                tpl_schedule_from_running
                0x0000000008000204                tpl_start_scheduling
                0x000000000800021c                tpl_start
                0x0000000008000294                tpl_run_elected
                0x000000000800030c                tpl_block
                0x0000000008000338                tpl_release
                0x0000000008000374                tpl_front_proc
                0x00000000080003a0                tpl_terminate
                0x00000000080003d4                tpl_init_proc
                0x0000000008000408                tpl_put_preempted_proc
                0x0000000008000468                tpl_put_new_proc
                0x00000000080004f4                tpl_init_os
                0x0000000008000514                tpl_get_internal_resource
                0x00000000080005a0                tpl_release_internal_resource
                0x00000000080005f0                tpl_call_terminate_isr2_service
                0x0000000008000638                tpl_activate_task
                0x00000000080006b0                tpl_set_event
                0x00000000080006d0                tpl_compare_entries
                0x0000000008000768                tpl_bubble_up
                0x00000000080007e8                tpl_bubble_down
                0x000000000800089e                tpl_remove_front_proc
                0x0000000008000900                tpl_preempt
 .osCode        0x000000000800092c      0x2f0 build/os/tpl_os_timeobj_kernel.c.o
                0x000000000800092c                tpl_enable_counters
                0x0000000008000944                tpl_insert_time_obj
                0x0000000008000a22                tpl_remove_time_obj
                0x0000000008000a94                tpl_counter_tick
 .osCode        0x0000000008000c1c      0x1c8 build/os/tpl_os_interrupt_kernel.c.o
                0x0000000008000c1c                tpl_get_interrupt_lock_status
                0x0000000008000c5c                tpl_reset_interrupt_lock_status
                0x0000000008000c98                tpl_terminate_isr2_service
                0x0000000008000cc4                tpl_null_it
                0x0000000008000cd6                tpl_enable_all_interrupts_service
                0x0000000008000cf4                tpl_disable_all_interrupts_service
                0x0000000008000d24                tpl_resume_all_interrupts_service
                0x0000000008000d5c                tpl_suspend_all_interrupts_service
                0x0000000008000d84                tpl_resume_os_interrupts_service
                0x0000000008000dbc                tpl_suspend_os_interrupts_service
 .osCode        0x0000000008000de4      0x20c build/os/tpl_os_resource_kernel.c.o
                0x0000000008000de4                tpl_release_all_resources
                0x0000000008000e44                tpl_get_resource_service
                0x0000000008000f3c                tpl_release_resource_service
 .osCode        0x0000000008000ff0       0x34 build/my_sc_handler.S.o
                0x0000000008000ff0                tpl_sc_handler
                0x0000000008001016                SwitchContext
 .osCode        0x0000000008001024       0x40 build/switch/tpl_app_config.c.o
                0x0000000008001024                tpl_tick_SysTick
                0x0000000008001058                SysTick_Handler
 .osCode        0x0000000008001064       0x30 build/switch/tpl_primary_irq.S.o
                0x0000000008001064                tpl_primary_irq_handler_SysTick
 .osCode        0x0000000008001094       0x20 build/switch/tpl_external_interrupts.c.o
                0x0000000008001094                tpl_init_external_interrupts
 .osCode        0x00000000080010b4       0x24 build/switch/tpl_app_interrupts.c.o
                0x00000000080010b4                tpl_init_it_priority
                0x00000000080010c0                tpl_disable_os_interrupts
                0x00000000080010cc                tpl_enable_os_interrupts
 .osCode        0x00000000080010d8      0x160 build/machines/cortex/tpl_machine_cortex.c.o
                0x00000000080010d8                tpl_init_context
                0x00000000080011c0                tpl_init_machine
                0x00000000080011d0                tpl_shutdown
                0x00000000080011da                tpl_init_machine_generic
                0x00000000080011e6                tpl_init_machine_specific
                0x000000000800121c                tpl_check_stack_footprint
 .osCode        0x0000000008001238       0x1c build/machines/cortex/tpl_startup.S.o
                0x0000000008001238                tpl_reset_handler
 .osCode        0x0000000008001254       0x44 build/machines/cortex/armv7em/tpl_ctx_switch_under_it.S.o
                0x0000000008001254                tpl_save_context_under_it
                0x0000000008001276                tpl_load_context_under_it
 .osCode        0x0000000008001298       0x2c build/machines/cortex/armv7em/tpl_interrupts.S.o
                0x0000000008001298                tpl_disable_interrupts
                0x00000000080012ac                tpl_enable_interrupts
 .osCode        0x00000000080012c4       0x7c build/machines/cortex/armv7em/stm32l432/tpl_machine_stm32l432.c.o
                0x0000000008001314                tpl_set_systick_timer
 *(.osApiCode)
 *(.appCommonCode)
                0x0000000008001340                . = ALIGN (0x4)

osconst         0x0000000008001340       0x28
 *(.osConst)
 .osConst       0x0000000008001340        0x2 build/os/tpl_os_kernel.c.o
                0x0000000008001340                INVALID_PROC
                0x0000000008001341                INVALID_TASK
 *fill*         0x0000000008001342        0x2 
 .osConst       0x0000000008001344       0x24 build/switch/tpl_app_config.c.o
                0x0000000008001344                tpl_stat_proc_table
                0x0000000008001348                tpl_dyn_proc_table
                0x000000000800134c                tpl_resource_table
                0x0000000008001350                IDLE_TASK_task_stat_desc
 *(.osApiConst)
                0x0000000008001368                . = ALIGN (0x4)

apptext         0x0000000008001368        0x0
                0x0000000008001368                __PROGCONST_SECTION_START = .
                0x0000000008001368                __SEG_START_APP_CODE_CONST_RGN = .
                0x0000000008001368                . = ALIGN (0x4)
                0x0000000008001368                . = ALIGN (0x4)

appconst
 *(.rodata)
 *(.rodata*)
                0x0000000008001368                . = ALIGN (0x4)

procconst       0x0000000008001368        0x0
                0x0000000008001368                . = ALIGN (0x4)
                0x0000000008001367                __SEG_STOP_APP_CODE_CONST_RGN = (. - 0x1)
                0x0000000008001367                __PROGCONST_SECTION_STOP = (. - 0x1)

.text           0x0000000008001368      0x2c0
                0x0000000008001368                . = ALIGN (0x4)
 *(.text)
 *(.text*)
 .text.func1    0x0000000008001368        0xa build/switch.c.o
                0x0000000008001368                func1
 .text.func2    0x0000000008001372        0xa build/switch.c.o
                0x0000000008001372                func2
 .text.initContext
                0x000000000800137c       0x48 build/switch.c.o
                0x000000000800137c                initContext
 .text.main     0x00000000080013c4       0x20 build/switch.c.o
                0x00000000080013c4                main
 .text.NVIC_SetPriority
                0x00000000080013e4       0x54 build/machines/cortex/tpl_machine_cortex.c.o
 .text.idle_function
                0x0000000008001438        0x6 build/machines/cortex/tpl_machine_cortex.c.o
                0x0000000008001438                idle_function
 .text.NMI_Handler
                0x000000000800143e        0x8 build/machines/cortex/armv7em/stm32l432/handlers_stm32l432.c.o
                0x000000000800143e                NMI_Handler
 *fill*         0x0000000008001446        0x2 
 .text.HardFault_Handler
                0x0000000008001448       0x64 build/machines/cortex/armv7em/stm32l432/handlers_stm32l432.c.o
                0x0000000008001448                HardFault_Handler
 .text.MemManage_Handler
                0x00000000080014ac        0x8 build/machines/cortex/armv7em/stm32l432/handlers_stm32l432.c.o
                0x00000000080014ac                MemManage_Handler
 .text.BusFault_Handler
                0x00000000080014b4        0x8 build/machines/cortex/armv7em/stm32l432/handlers_stm32l432.c.o
                0x00000000080014b4                BusFault_Handler
 .text.UsageFault_Handler
                0x00000000080014bc        0x8 build/machines/cortex/armv7em/stm32l432/handlers_stm32l432.c.o
                0x00000000080014bc                UsageFault_Handler
 .text.DebugMonitor_Handler
                0x00000000080014c4        0x6 build/machines/cortex/armv7em/stm32l432/handlers_stm32l432.c.o
                0x00000000080014c4                DebugMonitor_Handler
 *fill*         0x00000000080014ca        0x2 
 .text.__libc_init_array
                0x00000000080014cc       0x70 build/machines/cortex/armv7em/stm32l432/startup_stm32l432.c.o
                0x00000000080014cc                __libc_init_array
 .text.__libc_fini_array
                0x000000000800153c       0x40 build/machines/cortex/armv7em/stm32l432/startup_stm32l432.c.o
                0x000000000800153c                __libc_fini_array
 .text.SystemInit
                0x000000000800157c       0x58 build/machines/cortex/armv7em/stm32l432/system_stm32l4xx.c.o
                0x000000000800157c                SystemInit
 .text.NVIC_SetPriority
                0x00000000080015d4       0x54 build/machines/cortex/armv7em/stm32l432/tpl_machine_stm32l432.c.o
 *(.glue_7)
 .glue_7        0x0000000008001628        0x0 linker stubs
 *(.glue_7t)
 .glue_7t       0x0000000008001628        0x0 linker stubs
 *(.eh_frame)
 *(.init)
 *(.fini)
                0x0000000008001628                . = ALIGN (0x4)
                0x0000000008001628                _etext = .
                0x0000000008001628                _exit = .

.vfp11_veneer   0x0000000008001628        0x0
 .vfp11_veneer  0x0000000008001628        0x0 linker stubs

.v4_bx          0x0000000008001628        0x0
 .v4_bx         0x0000000008001628        0x0 linker stubs

.iplt           0x0000000008001628        0x0
 .iplt          0x0000000008001628        0x0 build/os/tpl_os_kernel.c.o

.after_vectors  0x0000000008001628       0x98
 .after_vectors
                0x0000000008001628       0x98 build/machines/cortex/armv7em/stm32l432/startup_stm32l432.c.o
                0x0000000008001628                tpl_continue_reset_handler
                0x0000000008001674                system_init

.rel.dyn        0x00000000080016c0        0x0
 .rel.iplt      0x00000000080016c0        0x0 build/os/tpl_os_kernel.c.o

.ARM.extab
 *(.ARM.extab* .gnu.linkonce.armextab.*)

.ARM            0x00000000080016c0        0x0
                0x00000000080016c0                __exidx_start = .
 *(.ARM.exidx*)
                0x00000000080016c0                __exidx_end = .

.preinit_array  0x00000000080016c0        0x4
                0x00000000080016c0                PROVIDE (__preinit_array_start = .)
 *(.preinit_array*)
 .preinit_array_sysinit
                0x00000000080016c0        0x4 build/machines/cortex/armv7em/stm32l432/startup_stm32l432.c.o
                0x00000000080016c0                p_system_init
                0x00000000080016c4                PROVIDE (__preinit_array_end = .)

.init_array     0x00000000080016c4        0x0
                0x00000000080016c4                PROVIDE (__init_array_start = .)
 *(SORT_BY_NAME(.init_array.*))
 *(.init_array*)
                0x00000000080016c4                PROVIDE (__init_array_end = .)

.fini_array     0x00000000080016c4        0x0
                0x00000000080016c4                PROVIDE (__fini_array_start = .)
 *(.fini_array*)
 *(SORT_BY_NAME(.fini_array.*))
                0x00000000080016c4                PROVIDE (__fini_array_end = .)
                0x00000000080016c4                _sidata = .

.data           0x0000000020000000       0xa4 load address 0x00000000080016c4
                0x0000000020000000                . = ALIGN (0x4)
                0x0000000020000000                _sdata = .
 *(.data)
 *(.data*)
 .data.func1TD  0x0000000020000000        0x8 build/switch.c.o
                0x0000000020000000                func1TD
 .data.func2TD  0x0000000020000008        0x8 build/switch.c.o
                0x0000000020000008                func2TD
 .data.SystemCoreClock
                0x0000000020000010        0x4 build/machines/cortex/armv7em/stm32l432/system_stm32l4xx.c.o
                0x0000000020000010                SystemCoreClock
 *(.osVar)
 .osVar         0x0000000020000014        0x1 build/os/tpl_os_timeobj_kernel.c.o
 *fill*         0x0000000020000015        0x3 
 .osVar         0x0000000020000018       0x14 build/os/tpl_os_interrupt_kernel.c.o
                0x0000000020000018                tpl_locking_depth
                0x000000002000001c                tpl_user_task_lock
                0x0000000020000020                tpl_cpt_user_task_lock_All
                0x0000000020000024                tpl_cpt_user_task_lock_OS
                0x0000000020000028                tpl_cpt_os_task_lock
 .osVar         0x000000002000002c       0x78 build/switch/tpl_app_config.c.o
                0x000000002000002c                tpl_kern
                0x0000000020000048                tpl_ready_list
                0x000000002000004c                tpl_tail_for_prio
                0x0000000020000050                SystemCounter_counter_desc
                0x000000002000006c                res_sched_rez_desc
                0x0000000020000074                tpl_time_counter
                0x0000000020000078                IDLE_TASK_int_context
                0x000000002000009c                IDLE_TASK_task_desc
                0x00000000200000a4                . = ALIGN (0x4)
                0x00000000200000a4                _edata = .

.igot.plt       0x00000000200000a4        0x0 load address 0x0000000008001768
 .igot.plt      0x00000000200000a4        0x0 build/os/tpl_os_kernel.c.o

.Task_IDLE_TASKStack
                0x00000000200000a4      0x12c load address 0x0000000008001768
 .Task_IDLE_TASKStack
                0x00000000200000a4      0x12c build/switch/tpl_app_config.c.o
                0x00000000200000a4                IDLE_TASK_stack_zone

appvars
                0x00000000200001d0                . = ALIGN (0x4)

.bss            0x00000000200001d0      0x328 load address 0x0000000008001898
                0x00000000200001d0                _sbss = .
                0x00000000200001d0                __bss_start__ = _sbss
 *(.bss)
 *(.bss*)
 .bss.running   0x00000000200001d0        0x4 build/switch.c.o
                0x00000000200001d0                running
 *fill*         0x00000000200001d4        0x4 
 .bss.func1Stack
                0x00000000200001d8      0x190 build/switch.c.o
                0x00000000200001d8                func1Stack
 .bss.func2Stack
                0x0000000020000368      0x190 build/switch.c.o
                0x0000000020000368                func2Stack
 *(COMMON)
                0x00000000200004f8                . = ALIGN (0x4)
                0x00000000200004f8                _ebss = .
                0x00000000200004f8                __bss_end__ = _ebss

._user_heap_stack
                0x00000000200004f8      0x400 load address 0x0000000008001bc0
                0x00000000200004f8                . = ALIGN (0x4)
                0x00000000200004f8                __heap_start__ = .
                [!provide]                        PROVIDE (end = .)
                [!provide]                        PROVIDE (_end = .)
                0x00000000200004f8                . = (. + _Min_Heap_Size)
                0x00000000200008f8                . = (. + _Min_Stack_Size)
 *fill*         0x00000000200004f8      0x400 
                0x00000000200008f8                . = ALIGN (0x4)

.memory_b1_text
 *(.mb1text)
 *(.mb1text*)
 *(.mb1rodata)
 *(.mb1rodata*)

/DISCARD/
 libc.a(*)
 libm.a(*)
 libgcc.a(*)

.ARM.attributes
                0x0000000000000000       0x30
 *(.ARM.attributes)
 .ARM.attributes
                0x0000000000000000       0x2e build/os/tpl_os_kernel.c.o
 .ARM.attributes
                0x000000000000002e       0x2e build/os/tpl_os_timeobj_kernel.c.o
 .ARM.attributes
                0x000000000000005c       0x2e build/os/tpl_os_interrupt_kernel.c.o
 .ARM.attributes
                0x000000000000008a       0x2e build/os/tpl_os_resource_kernel.c.o
 .ARM.attributes
                0x00000000000000b8       0x2e build/switch.c.o
 .ARM.attributes
                0x00000000000000e6       0x20 build/my_sc_handler.S.o
 .ARM.attributes
                0x0000000000000106       0x2e build/switch/tpl_app_config.c.o
 .ARM.attributes
                0x0000000000000134       0x20 build/switch/tpl_primary_irq.S.o
 .ARM.attributes
                0x0000000000000154       0x37 build/switch/tpl_vectors.c.o
 .ARM.attributes
                0x000000000000018b       0x2e build/switch/tpl_external_interrupts.c.o
 .ARM.attributes
                0x00000000000001b9       0x2e build/switch/tpl_app_interrupts.c.o
 .ARM.attributes
                0x00000000000001e7       0x2e build/machines/cortex/tpl_machine_cortex.c.o
 .ARM.attributes
                0x0000000000000215       0x20 build/machines/cortex/tpl_startup.S.o
 .ARM.attributes
                0x0000000000000235       0x20 build/machines/cortex/armv7em/tpl_ctx_switch_under_it.S.o
 .ARM.attributes
                0x0000000000000255       0x20 build/machines/cortex/armv7em/tpl_interrupts.S.o
 .ARM.attributes
                0x0000000000000275       0x2e build/machines/cortex/armv7em/stm32l432/handlers_stm32l432.c.o
 .ARM.attributes
                0x00000000000002a3       0x2e build/machines/cortex/armv7em/stm32l432/startup_stm32l432.c.o
 .ARM.attributes
                0x00000000000002d1       0x2e build/machines/cortex/armv7em/stm32l432/system_stm32l4xx.c.o
 .ARM.attributes
                0x00000000000002ff       0x2e build/machines/cortex/armv7em/stm32l432/tpl_machine_stm32l432.c.o
LOAD /Applications/gcc-arm-none-eabi-10-2020-q4-major/bin/../lib/gcc/arm-none-eabi/10.2.1/../../../../arm-none-eabi/lib/thumb/v7e-m/nofp/libc.a
LOAD /Applications/gcc-arm-none-eabi-10-2020-q4-major/bin/../lib/gcc/arm-none-eabi/10.2.1/thumb/v7e-m/nofp/libgcc.a
OUTPUT(switch_exe elf32-littlearm)
LOAD linker stubs
LOAD /Applications/gcc-arm-none-eabi-10-2020-q4-major/bin/../lib/gcc/arm-none-eabi/10.2.1/../../../../arm-none-eabi/lib/thumb/v7e-m/nofp/libc.a
LOAD /Applications/gcc-arm-none-eabi-10-2020-q4-major/bin/../lib/gcc/arm-none-eabi/10.2.1/../../../../arm-none-eabi/lib/thumb/v7e-m/nofp/libm.a
LOAD /Applications/gcc-arm-none-eabi-10-2020-q4-major/bin/../lib/gcc/arm-none-eabi/10.2.1/thumb/v7e-m/nofp/libgcc.a

.debug_info     0x0000000000000000     0x4139
 .debug_info    0x0000000000000000      0xac7 build/os/tpl_os_kernel.c.o
 .debug_info    0x0000000000000ac7      0x3d9 build/os/tpl_os_timeobj_kernel.c.o
 .debug_info    0x0000000000000ea0      0x1f8 build/os/tpl_os_interrupt_kernel.c.o
 .debug_info    0x0000000000001098      0x5b0 build/os/tpl_os_resource_kernel.c.o
 .debug_info    0x0000000000001648      0x199 build/switch.c.o
 .debug_info    0x00000000000017e1       0x26 build/my_sc_handler.S.o
 .debug_info    0x0000000000001807      0x839 build/switch/tpl_app_config.c.o
 .debug_info    0x0000000000002040       0x26 build/switch/tpl_primary_irq.S.o
 .debug_info    0x0000000000002066       0xc0 build/switch/tpl_vectors.c.o
 .debug_info    0x0000000000002126      0x2d4 build/switch/tpl_external_interrupts.c.o
 .debug_info    0x00000000000023fa       0xa2 build/switch/tpl_app_interrupts.c.o
 .debug_info    0x000000000000249c      0x9a0 build/machines/cortex/tpl_machine_cortex.c.o
 .debug_info    0x0000000000002e3c       0x26 build/machines/cortex/tpl_startup.S.o
 .debug_info    0x0000000000002e62       0x26 build/machines/cortex/armv7em/tpl_ctx_switch_under_it.S.o
 .debug_info    0x0000000000002e88       0x26 build/machines/cortex/armv7em/tpl_interrupts.S.o
 .debug_info    0x0000000000002eae      0x357 build/machines/cortex/armv7em/stm32l432/handlers_stm32l432.c.o
 .debug_info    0x0000000000003205      0x316 build/machines/cortex/armv7em/stm32l432/startup_stm32l432.c.o
 .debug_info    0x000000000000351b      0x5eb build/machines/cortex/armv7em/stm32l432/system_stm32l4xx.c.o
 .debug_info    0x0000000000003b06      0x633 build/machines/cortex/armv7em/stm32l432/tpl_machine_stm32l432.c.o

.debug_abbrev   0x0000000000000000     0x12ab
 .debug_abbrev  0x0000000000000000      0x267 build/os/tpl_os_kernel.c.o
 .debug_abbrev  0x0000000000000267      0x136 build/os/tpl_os_timeobj_kernel.c.o
 .debug_abbrev  0x000000000000039d      0x10d build/os/tpl_os_interrupt_kernel.c.o
 .debug_abbrev  0x00000000000004aa      0x176 build/os/tpl_os_resource_kernel.c.o
 .debug_abbrev  0x0000000000000620      0x10a build/switch.c.o
 .debug_abbrev  0x000000000000072a       0x14 build/my_sc_handler.S.o
 .debug_abbrev  0x000000000000073e      0x1b1 build/switch/tpl_app_config.c.o
 .debug_abbrev  0x00000000000008ef       0x14 build/switch/tpl_primary_irq.S.o
 .debug_abbrev  0x0000000000000903       0x92 build/switch/tpl_vectors.c.o
 .debug_abbrev  0x0000000000000995       0x98 build/switch/tpl_external_interrupts.c.o
 .debug_abbrev  0x0000000000000a2d       0x44 build/switch/tpl_app_interrupts.c.o
 .debug_abbrev  0x0000000000000a71      0x2e3 build/machines/cortex/tpl_machine_cortex.c.o
 .debug_abbrev  0x0000000000000d54       0x14 build/machines/cortex/tpl_startup.S.o
 .debug_abbrev  0x0000000000000d68       0x14 build/machines/cortex/armv7em/tpl_ctx_switch_under_it.S.o
 .debug_abbrev  0x0000000000000d7c       0x14 build/machines/cortex/armv7em/tpl_interrupts.S.o
 .debug_abbrev  0x0000000000000d90       0xe0 build/machines/cortex/armv7em/stm32l432/handlers_stm32l432.c.o
 .debug_abbrev  0x0000000000000e70      0x18a build/machines/cortex/armv7em/stm32l432/startup_stm32l432.c.o
 .debug_abbrev  0x0000000000000ffa      0x138 build/machines/cortex/armv7em/stm32l432/system_stm32l4xx.c.o
 .debug_abbrev  0x0000000000001132      0x179 build/machines/cortex/armv7em/stm32l432/tpl_machine_stm32l432.c.o

.debug_aranges  0x0000000000000000      0x460
 .debug_aranges
                0x0000000000000000       0xd0 build/os/tpl_os_kernel.c.o
 .debug_aranges
                0x00000000000000d0       0x40 build/os/tpl_os_timeobj_kernel.c.o
 .debug_aranges
                0x0000000000000110       0x68 build/os/tpl_os_interrupt_kernel.c.o
 .debug_aranges
                0x0000000000000178       0x30 build/os/tpl_os_resource_kernel.c.o
 .debug_aranges
                0x00000000000001a8       0x38 build/switch.c.o
 .debug_aranges
                0x00000000000001e0       0x20 build/my_sc_handler.S.o
 .debug_aranges
                0x0000000000000200       0x28 build/switch/tpl_app_config.c.o
 .debug_aranges
                0x0000000000000228       0x20 build/switch/tpl_primary_irq.S.o
 .debug_aranges
                0x0000000000000248       0x18 build/switch/tpl_vectors.c.o
 .debug_aranges
                0x0000000000000260       0x20 build/switch/tpl_external_interrupts.c.o
 .debug_aranges
                0x0000000000000280       0x30 build/switch/tpl_app_interrupts.c.o
 .debug_aranges
                0x00000000000002b0       0x58 build/machines/cortex/tpl_machine_cortex.c.o
 .debug_aranges
                0x0000000000000308       0x20 build/machines/cortex/tpl_startup.S.o
 .debug_aranges
                0x0000000000000328       0x20 build/machines/cortex/armv7em/tpl_ctx_switch_under_it.S.o
 .debug_aranges
                0x0000000000000348       0x20 build/machines/cortex/armv7em/tpl_interrupts.S.o
 .debug_aranges
                0x0000000000000368       0x58 build/machines/cortex/armv7em/stm32l432/handlers_stm32l432.c.o
 .debug_aranges
                0x00000000000003c0       0x48 build/machines/cortex/armv7em/stm32l432/startup_stm32l432.c.o
 .debug_aranges
                0x0000000000000408       0x28 build/machines/cortex/armv7em/stm32l432/system_stm32l4xx.c.o
 .debug_aranges
                0x0000000000000430       0x30 build/machines/cortex/armv7em/stm32l432/tpl_machine_stm32l432.c.o

.debug_ranges   0x0000000000000000      0x2f0
 .debug_ranges  0x0000000000000000       0xd8 build/os/tpl_os_kernel.c.o
 .debug_ranges  0x00000000000000d8       0x30 build/os/tpl_os_timeobj_kernel.c.o
 .debug_ranges  0x0000000000000108       0x58 build/os/tpl_os_interrupt_kernel.c.o
 .debug_ranges  0x0000000000000160       0x20 build/os/tpl_os_resource_kernel.c.o
 .debug_ranges  0x0000000000000180       0x28 build/switch.c.o
 .debug_ranges  0x00000000000001a8       0x18 build/switch/tpl_app_config.c.o
 .debug_ranges  0x00000000000001c0       0x10 build/switch/tpl_external_interrupts.c.o
 .debug_ranges  0x00000000000001d0       0x20 build/switch/tpl_app_interrupts.c.o
 .debug_ranges  0x00000000000001f0       0x48 build/machines/cortex/tpl_machine_cortex.c.o
 .debug_ranges  0x0000000000000238       0x48 build/machines/cortex/armv7em/stm32l432/handlers_stm32l432.c.o
 .debug_ranges  0x0000000000000280       0x38 build/machines/cortex/armv7em/stm32l432/startup_stm32l432.c.o
 .debug_ranges  0x00000000000002b8       0x18 build/machines/cortex/armv7em/stm32l432/system_stm32l4xx.c.o
 .debug_ranges  0x00000000000002d0       0x20 build/machines/cortex/armv7em/stm32l432/tpl_machine_stm32l432.c.o

.debug_line     0x0000000000000000     0x21d7
 .debug_line    0x0000000000000000      0x529 build/os/tpl_os_kernel.c.o
 .debug_line    0x0000000000000529      0x2ea build/os/tpl_os_timeobj_kernel.c.o
 .debug_line    0x0000000000000813      0x18d build/os/tpl_os_interrupt_kernel.c.o
 .debug_line    0x00000000000009a0      0x245 build/os/tpl_os_resource_kernel.c.o
 .debug_line    0x0000000000000be5      0x16a build/switch.c.o
 .debug_line    0x0000000000000d4f       0x53 build/my_sc_handler.S.o
 .debug_line    0x0000000000000da2      0x16c build/switch/tpl_app_config.c.o
 .debug_line    0x0000000000000f0e       0x5d build/switch/tpl_primary_irq.S.o
 .debug_line    0x0000000000000f6b       0x94 build/switch/tpl_vectors.c.o
 .debug_line    0x0000000000000fff      0x17f build/switch/tpl_external_interrupts.c.o
 .debug_line    0x000000000000117e       0x52 build/switch/tpl_app_interrupts.c.o
 .debug_line    0x00000000000011d0      0x3e2 build/machines/cortex/tpl_machine_cortex.c.o
 .debug_line    0x00000000000015b2       0x63 build/machines/cortex/tpl_startup.S.o
 .debug_line    0x0000000000001615       0x8a build/machines/cortex/armv7em/tpl_ctx_switch_under_it.S.o
 .debug_line    0x000000000000169f       0x7c build/machines/cortex/armv7em/tpl_interrupts.S.o
 .debug_line    0x000000000000171b      0x296 build/machines/cortex/armv7em/stm32l432/handlers_stm32l432.c.o
 .debug_line    0x00000000000019b1      0x2b1 build/machines/cortex/armv7em/stm32l432/startup_stm32l432.c.o
 .debug_line    0x0000000000001c62      0x2cf build/machines/cortex/armv7em/stm32l432/system_stm32l4xx.c.o
 .debug_line    0x0000000000001f31      0x2a6 build/machines/cortex/armv7em/stm32l432/tpl_machine_stm32l432.c.o

.debug_str      0x0000000000000000     0x192b
 .debug_str     0x0000000000000000      0x6a1 build/os/tpl_os_kernel.c.o
                                        0x77e (size before relaxing)
 .debug_str     0x00000000000006a1      0x1de build/os/tpl_os_timeobj_kernel.c.o
                                        0x3a1 (size before relaxing)
 .debug_str     0x000000000000087f      0x1cd build/os/tpl_os_interrupt_kernel.c.o
                                        0x378 (size before relaxing)
 .debug_str     0x0000000000000a4c       0xc3 build/os/tpl_os_resource_kernel.c.o
                                        0x546 (size before relaxing)
 .debug_str     0x0000000000000b0f       0x66 build/switch.c.o
                                        0x215 (size before relaxing)
 .debug_str     0x0000000000000b75       0x1e build/my_sc_handler.S.o
                                         0x65 (size before relaxing)
 .debug_str     0x0000000000000b93      0x11e build/switch/tpl_app_config.c.o
                                        0x6e0 (size before relaxing)
 .debug_str     0x0000000000000cb1       0x19 build/switch/tpl_primary_irq.S.o
                                         0x6e (size before relaxing)
 .debug_str     0x0000000000000cca       0x3b build/switch/tpl_vectors.c.o
                                        0x1be (size before relaxing)
 .debug_str     0x0000000000000d05      0x185 build/switch/tpl_external_interrupts.c.o
                                        0x321 (size before relaxing)
 .debug_str     0x0000000000000e8a       0x64 build/switch/tpl_app_interrupts.c.o
                                        0x1e7 (size before relaxing)
 .debug_str     0x0000000000000eee      0x574 build/machines/cortex/tpl_machine_cortex.c.o
                                        0x977 (size before relaxing)
 .debug_str     0x0000000000001462       0x2d build/machines/cortex/tpl_startup.S.o
                                         0x82 (size before relaxing)
 .debug_str     0x000000000000148f       0x41 build/machines/cortex/armv7em/tpl_ctx_switch_under_it.S.o
                                         0x96 (size before relaxing)
 .debug_str     0x00000000000014d0       0x38 build/machines/cortex/armv7em/tpl_interrupts.S.o
                                         0x8d (size before relaxing)
 .debug_str     0x0000000000001508      0x11e build/machines/cortex/armv7em/stm32l432/handlers_stm32l432.c.o
                                        0x32c (size before relaxing)
 .debug_str     0x0000000000001626      0x1a4 build/machines/cortex/armv7em/stm32l432/startup_stm32l432.c.o
                                        0x364 (size before relaxing)
 .debug_str     0x00000000000017ca       0xc9 build/machines/cortex/armv7em/stm32l432/system_stm32l4xx.c.o
                                        0x412 (size before relaxing)
 .debug_str     0x0000000000001893       0x98 build/machines/cortex/armv7em/stm32l432/tpl_machine_stm32l432.c.o
                                        0x703 (size before relaxing)

.comment        0x0000000000000000       0x4d
 .comment       0x0000000000000000       0x4d build/os/tpl_os_kernel.c.o
                                         0x4e (size before relaxing)
 .comment       0x000000000000004d       0x4e build/os/tpl_os_timeobj_kernel.c.o
 .comment       0x000000000000004d       0x4e build/os/tpl_os_interrupt_kernel.c.o
 .comment       0x000000000000004d       0x4e build/os/tpl_os_resource_kernel.c.o
 .comment       0x000000000000004d       0x4e build/switch.c.o
 .comment       0x000000000000004d       0x4e build/switch/tpl_app_config.c.o
 .comment       0x000000000000004d       0x4e build/switch/tpl_vectors.c.o
 .comment       0x000000000000004d       0x4e build/switch/tpl_external_interrupts.c.o
 .comment       0x000000000000004d       0x4e build/switch/tpl_app_interrupts.c.o
 .comment       0x000000000000004d       0x4e build/machines/cortex/tpl_machine_cortex.c.o
 .comment       0x000000000000004d       0x4e build/machines/cortex/armv7em/stm32l432/handlers_stm32l432.c.o
 .comment       0x000000000000004d       0x4e build/machines/cortex/armv7em/stm32l432/startup_stm32l432.c.o
 .comment       0x000000000000004d       0x4e build/machines/cortex/armv7em/stm32l432/system_stm32l4xx.c.o
 .comment       0x000000000000004d       0x4e build/machines/cortex/armv7em/stm32l432/tpl_machine_stm32l432.c.o

.debug_frame    0x0000000000000000      0xaf4
 .debug_frame   0x0000000000000000      0x344 build/os/tpl_os_kernel.c.o
 .debug_frame   0x0000000000000344       0xcc build/os/tpl_os_timeobj_kernel.c.o
 .debug_frame   0x0000000000000410      0x14c build/os/tpl_os_interrupt_kernel.c.o
 .debug_frame   0x000000000000055c       0x80 build/os/tpl_os_resource_kernel.c.o
 .debug_frame   0x00000000000005dc       0x8c build/switch.c.o
 .debug_frame   0x0000000000000668       0x48 build/switch/tpl_app_config.c.o
 .debug_frame   0x00000000000006b0       0x30 build/switch/tpl_external_interrupts.c.o
 .debug_frame   0x00000000000006e0       0x70 build/switch/tpl_app_interrupts.c.o
 .debug_frame   0x0000000000000750      0x118 build/machines/cortex/tpl_machine_cortex.c.o
 .debug_frame   0x0000000000000868       0xdc build/machines/cortex/armv7em/stm32l432/handlers_stm32l432.c.o
 .debug_frame   0x0000000000000944       0xe0 build/machines/cortex/armv7em/stm32l432/startup_stm32l432.c.o
 .debug_frame   0x0000000000000a24       0x58 build/machines/cortex/armv7em/stm32l432/system_stm32l4xx.c.o
 .debug_frame   0x0000000000000a7c       0x78 build/machines/cortex/armv7em/stm32l432/tpl_machine_stm32l432.c.o
